Archive member included to satisfy reference by file (symbol)

c:/nxp/mcuxpressoide_11.5.0_7232/ide/plugins/com.nxp.mcuxpresso.tools.win32_11.5.0.202107051138/tools/bin/../lib/gcc/arm-none-eabi/10.3.1/../../../../arm-none-eabi/lib/thumb/v8-m.main+fp/hard\libcr_nohost_nf.a(_cr__main.o)
                              ./startup/startup_lpc55s69_cm33_core0.o (__main)
c:/nxp/mcuxpressoide_11.5.0_7232/ide/plugins/com.nxp.mcuxpresso.tools.win32_11.5.0.202107051138/tools/bin/../lib/gcc/arm-none-eabi/10.3.1/../../../../arm-none-eabi/lib/thumb/v8-m.main+fp/hard\libcr_c.a(memcpy.o)
                              ./utilities/fsl_debug_console.o (memcpy)
c:/nxp/mcuxpressoide_11.5.0_7232/ide/plugins/com.nxp.mcuxpresso.tools.win32_11.5.0.202107051138/tools/bin/../lib/gcc/arm-none-eabi/10.3.1/../../../../arm-none-eabi/lib/thumb/v8-m.main+fp/hard\libcr_c.a(memset.o)
                              ./drivers/fsl_clock.o (memset)
c:/nxp/mcuxpressoide_11.5.0_7232/ide/plugins/com.nxp.mcuxpresso.tools.win32_11.5.0.202107051138/tools/bin/../lib/gcc/arm-none-eabi/10.3.1/../../../../arm-none-eabi/lib/thumb/v8-m.main+fp/hard\libcr_c.a(alloc.o)
                              ./drivers/fsl_common.o (malloc)
c:/nxp/mcuxpressoide_11.5.0_7232/ide/plugins/com.nxp.mcuxpresso.tools.win32_11.5.0.202107051138/tools/bin/../lib/gcc/arm-none-eabi/10.3.1/../../../../arm-none-eabi/lib/thumb/v8-m.main+fp/hard\libcr_c.a(initio.o)
                              c:/nxp/mcuxpressoide_11.5.0_7232/ide/plugins/com.nxp.mcuxpresso.tools.win32_11.5.0.202107051138/tools/bin/../lib/gcc/arm-none-eabi/10.3.1/../../../../arm-none-eabi/lib/thumb/v8-m.main+fp/hard\libcr_nohost_nf.a(_cr__main.o) (_initio)
c:/nxp/mcuxpressoide_11.5.0_7232/ide/plugins/com.nxp.mcuxpresso.tools.win32_11.5.0.202107051138/tools/bin/../lib/gcc/arm-none-eabi/10.3.1/../../../../arm-none-eabi/lib/thumb/v8-m.main+fp/hard\libcr_c.a(setvbuf.o)
                              c:/nxp/mcuxpressoide_11.5.0_7232/ide/plugins/com.nxp.mcuxpresso.tools.win32_11.5.0.202107051138/tools/bin/../lib/gcc/arm-none-eabi/10.3.1/../../../../arm-none-eabi/lib/thumb/v8-m.main+fp/hard\libcr_c.a(initio.o) (setvbuf)
c:/nxp/mcuxpressoide_11.5.0_7232/ide/plugins/com.nxp.mcuxpresso.tools.win32_11.5.0.202107051138/tools/bin/../lib/gcc/arm-none-eabi/10.3.1/../../../../arm-none-eabi/lib/thumb/v8-m.main+fp/hard\libcr_c.a(strlen.o)
                              ./utilities/fsl_debug_console.o (strlen)
c:/nxp/mcuxpressoide_11.5.0_7232/ide/plugins/com.nxp.mcuxpresso.tools.win32_11.5.0.202107051138/tools/bin/../lib/gcc/arm-none-eabi/10.3.1/../../../../arm-none-eabi/lib/thumb/v8-m.main+fp/hard\libcr_c.a(__init_alloc.o)
                              c:/nxp/mcuxpressoide_11.5.0_7232/ide/plugins/com.nxp.mcuxpresso.tools.win32_11.5.0.202107051138/tools/bin/../lib/gcc/arm-none-eabi/10.3.1/../../../../arm-none-eabi/lib/thumb/v8-m.main+fp/hard\libcr_c.a(alloc.o) (__heaps)
c:/nxp/mcuxpressoide_11.5.0_7232/ide/plugins/com.nxp.mcuxpresso.tools.win32_11.5.0.202107051138/tools/bin/../lib/gcc/arm-none-eabi/10.3.1/../../../../arm-none-eabi/lib/thumb/v8-m.main+fp/hard\libcr_c.a(_cr_sbrk.o)
                              c:/nxp/mcuxpressoide_11.5.0_7232/ide/plugins/com.nxp.mcuxpresso.tools.win32_11.5.0.202107051138/tools/bin/../lib/gcc/arm-none-eabi/10.3.1/../../../../arm-none-eabi/lib/thumb/v8-m.main+fp/hard\libcr_c.a(alloc.o) (_sbrk)
c:/nxp/mcuxpressoide_11.5.0_7232/ide/plugins/com.nxp.mcuxpresso.tools.win32_11.5.0.202107051138/tools/bin/../lib/gcc/arm-none-eabi/10.3.1/../../../../arm-none-eabi/lib/thumb/v8-m.main+fp/hard\libcr_c.a(_fdopen.o)
                              c:/nxp/mcuxpressoide_11.5.0_7232/ide/plugins/com.nxp.mcuxpresso.tools.win32_11.5.0.202107051138/tools/bin/../lib/gcc/arm-none-eabi/10.3.1/../../../../arm-none-eabi/lib/thumb/v8-m.main+fp/hard\libcr_c.a(initio.o) (_fdopen)
c:/nxp/mcuxpressoide_11.5.0_7232/ide/plugins/com.nxp.mcuxpresso.tools.win32_11.5.0.202107051138/tools/bin/../lib/gcc/arm-none-eabi/10.3.1/../../../../arm-none-eabi/lib/thumb/v8-m.main+fp/hard\libcr_c.a(errno.o)
                              c:/nxp/mcuxpressoide_11.5.0_7232/ide/plugins/com.nxp.mcuxpresso.tools.win32_11.5.0.202107051138/tools/bin/../lib/gcc/arm-none-eabi/10.3.1/../../../../arm-none-eabi/lib/thumb/v8-m.main+fp/hard\libcr_c.a(_cr_sbrk.o) (errno)
c:/nxp/mcuxpressoide_11.5.0_7232/ide/plugins/com.nxp.mcuxpresso.tools.win32_11.5.0.202107051138/tools/bin/../lib/gcc/arm-none-eabi/10.3.1/../../../../arm-none-eabi/lib/thumb/v8-m.main+fp/hard\libcr_c.a(fclose.o)
                              c:/nxp/mcuxpressoide_11.5.0_7232/ide/plugins/com.nxp.mcuxpresso.tools.win32_11.5.0.202107051138/tools/bin/../lib/gcc/arm-none-eabi/10.3.1/../../../../arm-none-eabi/lib/thumb/v8-m.main+fp/hard\libcr_c.a(initio.o) (fclose)
c:/nxp/mcuxpressoide_11.5.0_7232/ide/plugins/com.nxp.mcuxpresso.tools.win32_11.5.0.202107051138/tools/bin/../lib/gcc/arm-none-eabi/10.3.1/../../../../arm-none-eabi/lib/thumb/v8-m.main+fp/hard\libcr_c.a(fflush.o)
[...]
Memory Configuration

Name             Origin             Length             Attributes
PROGRAM_FLASH    0x00000000         0x0009d800         xr
SRAM             0x20000000         0x00040000         xrw
SRAMX            0x04000000         0x00008000         xrw
USB_RAM          0x40100000         0x00004000         xrw
SRAM4            0x20040000         0x00004000         xrw
*default*        0x00000000         0xffffffff

Linker script and memory map

LOAD ./utilities/fsl_assert.o
LOAD ./utilities/fsl_debug_console.o
LOAD ./startup/boot_multicore_slave.o
LOAD ./startup/startup_lpc55s69_cm33_core0.o
LOAD ./source/gint.o
LOAD ./source/semihost_hardfault.o
LOAD ./drivers/fsl_clock.o
LOAD ./drivers/fsl_common.o
LOAD ./drivers/fsl_common_arm.o
LOAD ./drivers/fsl_flexcomm.o
LOAD ./drivers/fsl_gint.o
LOAD ./drivers/fsl_gpio.o
LOAD ./drivers/fsl_inputmux.o
LOAD ./drivers/fsl_power.o
LOAD ./drivers/fsl_reset.o
LOAD ./drivers/fsl_usart.o
LOAD ./device/system_LPC55S69_cm33_core0.o
LOAD ./component/uart/fsl_adapter_usart.o
LOAD ./component/lists/fsl_component_generic_list.o
LOAD ./board/board.o
LOAD ./board/clock_config.o
LOAD ./board/pin_mux.o
START GROUP
LOAD c:/nxp/mcuxpressoide_11.5.0_7232/ide/plugins/com.nxp.mcuxpresso.tools.win32_11.5.0.202107051138/tools/bin/../lib/gcc/arm-none-eabi/10.3.1/../../../../arm-none-eabi/lib/thumb/v8-m.main+fp/hard\libcr_nohost_nf.a
LOAD c:/nxp/mcuxpressoide_11.5.0_7232/ide/plugins/com.nxp.mcuxpresso.tools.win32_11.5.0.202107051138/tools/bin/../lib/gcc/arm-none-eabi/10.3.1/../../../../arm-none-eabi/lib/thumb/v8-m.main+fp/hard\libcr_c.a
LOAD c:/nxp/mcuxpressoide_11.5.0_7232/ide/plugins/com.nxp.mcuxpresso.tools.win32_11.5.0.202107051138/tools/bin/../lib/gcc/arm-none-eabi/10.3.1/thumb/v8-m.main+fp/hard\libcr_eabihelpers.a
LOAD c:/nxp/mcuxpressoide_11.5.0_7232/ide/plugins/com.nxp.mcuxpresso.tools.win32_11.5.0.202107051138/tools/bin/../lib/gcc/arm-none-eabi/10.3.1/thumb/v8-m.main+fp/hard\libgcc.a
END GROUP
                0x00000000                __base_PROGRAM_FLASH = 0x0
                0x00000000                __base_Flash = 0x0
                0x0009d800                __top_PROGRAM_FLASH = 0x9d800
                0x0009d800                __top_Flash = 0x9d800
                0x20000000                __base_SRAM = 0x20000000
                0x20000000                __base_RAM = 0x20000000
                0x20040000                __top_SRAM = 0x20040000
                0x20040000                __top_RAM = 0x20040000
                0x04000000                __base_SRAMX = 0x4000000
                0x04000000                __base_RAM2 = 0x4000000
                0x04008000                __top_SRAMX = 0x4008000
                0x04008000                __top_RAM2 = 0x4008000
                0x40100000                __base_USB_RAM = 0x40100000
                0x40100000                __base_RAM3 = 0x40100000
                0x40104000                __top_USB_RAM = 0x40104000
                0x40104000                __top_RAM3 = 0x40104000
                0x20040000                __base_SRAM4 = 0x20040000
                0x20040000                __base_RAM4 = 0x20040000
                0x20044000                __top_SRAM4 = 0x20044000
                0x20044000                __top_RAM4 = 0x20044000

.text           0x00000000     0x36a4
 FILL mask 0xff
                0x00000000                __vectors_start__ = ABSOLUTE (.)
 *(SORT_BY_ALIGNMENT(.isr_vector))
 .isr_vector    0x00000000      0x130 ./startup/startup_lpc55s69_cm33_core0.o
                0x00000000                g_pfnVectors
                0x00000000                __Vectors
                0x00000130                . = ALIGN (0x4)
                0x00000130                __section_table_start = .
                0x00000130                __data_section_table = .
                0x00000130        0x4 LONG 0x36a4 LOADADDR (.data)
                0x00000134        0x4 LONG 0x20000000 ADDR (.data)
                0x00000138        0x4 LONG 0x8 SIZEOF (.data)
                0x0000013c        0x4 LONG 0x36a4 LOADADDR (.data_RAM2)
                0x00000140        0x4 LONG 0x4000000 ADDR (.data_RAM2)
                0x00000144        0x4 LONG 0x0 SIZEOF (.data_RAM2)
                0x00000148        0x4 LONG 0x36a4 LOADADDR (.data_RAM3)
                0x0000014c        0x4 LONG 0x40100000 ADDR (.data_RAM3)
                0x00000150        0x4 LONG 0x0 SIZEOF (.data_RAM3)
                0x00000154        0x4 LONG 0x36a4 LOADADDR (.data_RAM4)
                0x00000158        0x4 LONG 0x20040000 ADDR (.data_RAM4)
                0x0000015c        0x4 LONG 0x0 SIZEOF (.data_RAM4)
                0x00000160                __data_section_table_end = .
                0x00000160                __bss_section_table = .
                0x00000160        0x4 LONG 0x20000008 ADDR (.bss)
                0x00000164        0x4 LONG 0x120 SIZEOF (.bss)
                0x00000168        0x4 LONG 0x4000000 ADDR (.bss_RAM2)
                0x0000016c        0x4 LONG 0x0 SIZEOF (.bss_RAM2)
                0x00000170        0x4 LONG 0x40100000 ADDR (.bss_RAM3)
                0x00000174        0x4 LONG 0x0 SIZEOF (.bss_RAM3)
                0x00000178        0x4 LONG 0x20040000 ADDR (.bss_RAM4)
                0x0000017c        0x4 LONG 0x0 SIZEOF (.bss_RAM4)
                0x00000180                __bss_section_table_end = .
                0x00000180                __section_table_end = .
 *(SORT_BY_ALIGNMENT(.after_vectors*))
 .after_vectors.reset
                0x00000180       0x68 ./startup/startup_lpc55s69_cm33_core0.o
                0x00000180                ResetISR
 .after_vectors.init_data
                0x000001e8       0x1e ./startup/startup_lpc55s69_cm33_core0.o
                0x000001e8                data_init
 .after_vectors.init_bss
                0x00000206       0x12 ./startup/startup_lpc55s69_cm33_core0.o
                0x00000206                bss_init
 .after_vectors
                0x00000218       0x16 ./startup/startup_lpc55s69_cm33_core0.o
                0x00000218                NMI_Handler
                0x0000021c                MemManage_Handler
                0x0000021e                BusFault_Handler
                0x00000220                UsageFault_Handler
                0x00000222                SecureFault_Handler
                0x00000224                SVC_Handler
                0x00000226                DebugMon_Handler
                0x00000228                PendSV_Handler
                0x0000022a                SysTick_Handler
                0x0000022c                Reserved56_DriverIRQHandler
                0x0000022c                PIN_INT0_DriverIRQHandler
                0x0000022c                CTIMER2_DriverIRQHandler
                0x0000022c                PIN_INT2_DriverIRQHandler
                0x0000022c                PIN_INT3_DriverIRQHandler
                0x0000022c                IntDefaultHandler
                0x0000022c                USB0_DriverIRQHandler
                0x0000022c                CASER_DriverIRQHandler
                0x0000022c                MRT0_DriverIRQHandler
                0x0000022c                UTICK0_DriverIRQHandler
                0x0000022c                Reserved41_DriverIRQHandler
                0x0000022c                PIN_INT4_DriverIRQHandler
                0x0000022c                PIN_INT5_DriverIRQHandler
                0x0000022c                SEC_GPIO_INT0_IRQ0_DriverIRQHandler
                0x0000022c                CTIMER4_DriverIRQHandler
                0x0000022c                PIN_INT7_DriverIRQHandler
                0x0000022c                Reserved55_DriverIRQHandler
                0x0000022c                SEC_VIO_DriverIRQHandler
                0x0000022c                USB0_NEEDCLK_DriverIRQHandler
                0x0000022c                CTIMER0_DriverIRQHandler
                0x0000022c                CTIMER1_DriverIRQHandler
                0x0000022c                Reserved42_DriverIRQHandler
                0x0000022c                PIN_INT6_DriverIRQHandler
                0x0000022c                PQ_DriverIRQHandler
                0x0000022c                MAILBOX_DriverIRQHandler
                0x0000022c                PIN_INT1_DriverIRQHandler
                0x0000022c                CTIMER3_DriverIRQHandler
                0x0000022c                Reserved61_DriverIRQHandler
                0x0000022c                SEC_GPIO_INT0_IRQ1_DriverIRQHandler
                0x0000022c                PUF_DriverIRQHandler
                0x0000022c                RTC_DriverIRQHandler
                0x0000022c                DMA0_DriverIRQHandler
                0x0000022c                Reserved39_DriverIRQHandler
                0x0000022c                USB1_DriverIRQHandler
                0x0000022c                Reserved60_DriverIRQHandler
                0x0000022c                DMA1_DriverIRQHandler
                0x0000022c                ADC0_DriverIRQHandler
                0x0000022c                USB1_NEEDCLK_DriverIRQHandler
                0x0000022c                Reserved59_DriverIRQHandler
                0x0000022c                SDIO_DriverIRQHandler
                0x0000022c                USB1_PHY_DriverIRQHandler
                0x0000022c                ACMP_DriverIRQHandler
                0x0000022c                Reserved57_DriverIRQHandler
                0x0000022c                HASHCRYPT_DriverIRQHandler
                0x0000022c                Reserved46_DriverIRQHandler
                0x0000022c                WDT_BOD_DriverIRQHandler
                0x0000022c                SCT0_DriverIRQHandler
                0x0000022c                PLU_DriverIRQHandler
                0x0000022c                OS_EVENT_DriverIRQHandler
                0x0000022c                SEC_HYPERVISOR_CALL_DriverIRQHandler
 *(SORT_BY_ALIGNMENT(.text*))
 *fill*         0x0000022e        0x2 ff
 .text.__assertion_failed
                0x00000230       0x18 ./utilities/fsl_assert.o
                0x00000230                __assertion_failed
 .text.DbgConsole_Init
                0x00000248       0x74 ./utilities/fsl_debug_console.o
                0x00000248                DbgConsole_Init
 .text.DbgConsole_Vprintf
                0x000002bc       0x3c ./utilities/fsl_debug_console.o
                0x000002bc                DbgConsole_Vprintf
 .text.DbgConsole_Putchar
                0x000002f8       0x30 ./utilities/fsl_debug_console.o
                0x000002f8                DbgConsole_Putchar
 .text.DbgConsole_PrintfFormattedData
                0x00000328      0x3e0 ./utilities/fsl_debug_console.o
 .text.POWER_SetBodVbatLevel
                0x00000708       0x58 ./source/gint.o
 .text.callback_interrupt_sw203
                0x00000760       0x14 ./source/gint.o
                0x00000760                callback_interrupt_sw203
 .text.callback_interrupt_sw202
                0x00000774       0x14 ./source/gint.o
                0x00000774                callback_interrupt_sw202
 .text.main     0x00000788       0xa8 ./source/gint.o
                0x00000788                main
 .text.POWER_EnablePD
                0x00000830       0x20 ./drivers/fsl_clock.o
 .text.POWER_DisablePD
                0x00000850       0x20 ./drivers/fsl_clock.o
 .text.CLOCK_AttachClk
                0x00000870       0x98 ./drivers/fsl_clock.o
                0x00000870                CLOCK_AttachClk
 .text.CLOCK_SetClkDiv
                0x00000908       0x80 ./drivers/fsl_clock.o
                0x00000908                CLOCK_SetClkDiv
 .text.CLOCK_SetupFROClocking
                0x00000988       0x80 ./drivers/fsl_clock.o
                0x00000988                CLOCK_SetupFROClocking
 .text.CLOCK_SetFLASHAccessCyclesForFreq
                0x00000a08      0x148 ./drivers/fsl_clock.o
                0x00000a08                CLOCK_SetFLASHAccessCyclesForFreq
 .text.CLOCK_GetFro1MFreq
                0x00000b50       0x28 ./drivers/fsl_clock.o
                0x00000b50                CLOCK_GetFro1MFreq
 .text.CLOCK_GetExtClkFreq
                0x00000b78       0x2c ./drivers/fsl_clock.o
                0x00000b78                CLOCK_GetExtClkFreq
 .text.CLOCK_GetOsc32KFreq
                0x00000ba4       0x58 ./drivers/fsl_clock.o
                0x00000ba4                CLOCK_GetOsc32KFreq
 .text.CLOCK_GetPLL0InClockRate
                0x00000bfc       0x64 ./drivers/fsl_clock.o
                0x00000bfc                CLOCK_GetPLL0InClockRate
 .text.CLOCK_SetPLL0Freq
                0x00000c60      0x12c ./drivers/fsl_clock.o
                0x00000c60                CLOCK_SetPLL0Freq
 .text.SDK_DelayAtLeastUs
                0x00000d8c       0x8c ./drivers/fsl_common_arm.o
                0x00000d8c                SDK_DelayAtLeastUs
 .text.FLEXCOMM_GetInstance
                0x00000e18       0x50 ./drivers/fsl_flexcomm.o
                0x00000e18                FLEXCOMM_GetInstance
 .text.FLEXCOMM_Init
                0x00000e68       0x50 ./drivers/fsl_flexcomm.o
                0x00000e68                FLEXCOMM_Init
 .text.FLEXCOMM0_DriverIRQHandler
                0x00000eb8       0x5c ./drivers/fsl_flexcomm.o
                0x00000eb8                FLEXCOMM0_DriverIRQHandler
 .text.FLEXCOMM1_DriverIRQHandler
                0x00000f14       0x5c ./drivers/fsl_flexcomm.o
                0x00000f14                FLEXCOMM1_DriverIRQHandler
 .text.FLEXCOMM2_DriverIRQHandler
                0x00000f70       0x5c ./drivers/fsl_flexcomm.o
                0x00000f70                FLEXCOMM2_DriverIRQHandler
 .text.FLEXCOMM3_DriverIRQHandler
                0x00000fcc       0x5c ./drivers/fsl_flexcomm.o
                0x00000fcc                FLEXCOMM3_DriverIRQHandler
 .text.FLEXCOMM4_DriverIRQHandler
                0x00001028       0x5c ./drivers/fsl_flexcomm.o
                0x00001028                FLEXCOMM4_DriverIRQHandler
 .text.FLEXCOMM5_DriverIRQHandler
                0x00001084       0x5c ./drivers/fsl_flexcomm.o
                0x00001084                FLEXCOMM5_DriverIRQHandler
 .text.FLEXCOMM6_DriverIRQHandler
                0x000010e0       0x5c ./drivers/fsl_flexcomm.o
                0x000010e0                FLEXCOMM6_DriverIRQHandler
 .text.FLEXCOMM7_DriverIRQHandler
                0x0000113c       0x5c ./drivers/fsl_flexcomm.o
                0x0000113c                FLEXCOMM7_DriverIRQHandler
 .text.FLEXCOMM8_DriverIRQHandler
                0x00001198       0x5c ./drivers/fsl_flexcomm.o
                0x00001198                FLEXCOMM8_DriverIRQHandler
 .text.__NVIC_EnableIRQ
                0x000011f4       0x3c ./drivers/fsl_gint.o
 .text.__NVIC_ClearPendingIRQ
                0x00001230       0x3c ./drivers/fsl_gint.o
 .text.GINT_GetInstance
                0x0000126c       0x4c ./drivers/fsl_gint.o
 .text.GINT_Init
                0x000012b8       0x4c ./drivers/fsl_gint.o
                0x000012b8                GINT_Init
 .text.GINT_SetCtrl
                0x00001304       0x48 ./drivers/fsl_gint.o
                0x00001304                GINT_SetCtrl
 .text.GINT_EnableCallback
                0x0000134c       0x44 ./drivers/fsl_gint.o
                0x0000134c                GINT_EnableCallback
 .text.GINT0_DriverIRQHandler
                0x00001390       0x2c ./drivers/fsl_gint.o
                0x00001390                GINT0_DriverIRQHandler
 .text.GINT1_DriverIRQHandler
                0x000013bc       0x2c ./drivers/fsl_gint.o
                0x000013bc                GINT1_DriverIRQHandler
 .text.lowpower_set_system_voltage
                0x000013e8      0x154 ./drivers/fsl_power.o
 .text.lowpower_set_dcdc_power_profile
                0x0000153c       0xec ./drivers/fsl_power.o
 .text.lowpower_get_part_process_corner
                0x00001628       0x94 ./drivers/fsl_power.o
 .text.POWER_SetVoltageForFreq
                0x000016bc       0x50 ./drivers/fsl_power.o
                0x000016bc                POWER_SetVoltageForFreq
 .text.RESET_SetPeripheralReset
                0x0000170c       0x5c ./drivers/fsl_reset.o
                0x0000170c                RESET_SetPeripheralReset
 .text.RESET_ClearPeripheralReset
                0x00001768       0x60 ./drivers/fsl_reset.o
                0x00001768                RESET_ClearPeripheralReset
 .text.USART_Init
                0x000017c8      0x1cc ./drivers/fsl_usart.o
                0x000017c8                USART_Init
 .text.USART_GetDefaultConfig
                0x00001994       0x80 ./drivers/fsl_usart.o
                0x00001994                USART_GetDefaultConfig
 .text.USART_SetBaudRate
                0x00001a14      0x174 ./drivers/fsl_usart.o
                0x00001a14                USART_SetBaudRate
 .text.USART_WriteBlocking
                0x00001b88       0x8c ./drivers/fsl_usart.o
                0x00001b88                USART_WriteBlocking
 .text.USART_ReadBlocking
                0x00001c14      0x104 ./drivers/fsl_usart.o
                0x00001c14                USART_ReadBlocking
 .text.SystemInit
                0x00001d18       0x64 ./device/system_LPC55S69_cm33_core0.o
                0x00001d18                SystemInit
 .text.HAL_UartInitCommon
                0x00001d7c      0x110 ./component/uart/fsl_adapter_usart.o
 .text.HAL_UartReceiveBlocking
                0x00001e8c       0x6c ./component/uart/fsl_adapter_usart.o
                0x00001e8c                HAL_UartReceiveBlocking
 .text.HAL_UartSendBlocking
                0x00001ef8       0x64 ./component/uart/fsl_adapter_usart.o
                0x00001ef8                HAL_UartSendBlocking
 .text.BOARD_InitDebugConsole
                0x00001f5c       0x38 ./board/board.o
                0x00001f5c                BOARD_InitDebugConsole
 .text.POWER_DisablePD
                0x00001f94       0x20 ./board/clock_config.o
 .text.BOARD_BootClockPLL150M
                0x00001fb4       0xa4 ./board/clock_config.o
                0x00001fb4                BOARD_BootClockPLL150M
 .text.BOARD_InitPins
                0x00002058       0x90 ./board/pin_mux.o
                0x00002058                BOARD_InitPins
 .text._initio  0x000020e8       0x78 c:/nxp/mcuxpressoide_11.5.0_7232/ide/plugins/com.nxp.mcuxpresso.tools.win32_11.5.0.202107051138/tools/bin/../lib/gcc/arm-none-eabi/10.3.1/../../../../arm-none-eabi/lib/thumb/v8-m.main+fp/hard\libcr_c.a(initio.o)
                0x000020e8                _initio
 .text.fflush   0x00002160       0x3c c:/nxp/mcuxpressoide_11.5.0_7232/ide/plugins/com.nxp.mcuxpresso.tools.win32_11.5.0.202107051138/tools/bin/../lib/gcc/arm-none-eabi/10.3.1/../../../../arm-none-eabi/lib/thumb/v8-m.main+fp/hard\libcr_c.a(fflush.o)
                0x00002160                fflush
 .text.fseek    0x0000219c       0xfc c:/nxp/mcuxpressoide_11.5.0_7232/ide/plugins/com.nxp.mcuxpresso.tools.win32_11.5.0.202107051138/tools/bin/../lib/gcc/arm-none-eabi/10.3.1/../../../../arm-none-eabi/lib/thumb/v8-m.main+fp/hard\libcr_c.a(fseek.o)
                0x0000219c                fseek
 .text.ftell    0x00002298       0x44 c:/nxp/mcuxpressoide_11.5.0_7232/ide/plugins/com.nxp.mcuxpresso.tools.win32_11.5.0.202107051138/tools/bin/../lib/gcc/arm-none-eabi/10.3.1/../../../../arm-none-eabi/lib/thumb/v8-m.main+fp/hard\libcr_c.a(ftell.o)
                0x00002298                ftell
 .text._Cwritebuf
                0x000022dc       0x6c c:/nxp/mcuxpressoide_11.5.0_7232/ide/plugins/com.nxp.mcuxpresso.tools.win32_11.5.0.202107051138/tools/bin/../lib/gcc/arm-none-eabi/10.3.1/../../../../arm-none-eabi/lib/thumb/v8-m.main+fp/hard\libcr_c.a(_writebuf.o)
                0x000022dc                _Cwritebuf
 .text.DbgConsole_Printf
                0x00002348       0x2c ./utilities/fsl_debug_console.o
                0x00002348                DbgConsole_Printf
 .text.DbgConsole_PrintfPaddingCharacter
                0x00002374       0x40 ./utilities/fsl_debug_console.o
 .text.DbgConsole_ConvertRadixNumToString
                0x000023b4       0xc2 ./utilities/fsl_debug_console.o
 .text.WDT_BOD_IRQHandler
                0x00002476        0x8 ./startup/startup_lpc55s69_cm33_core0.o
                0x00002476                WDT_BOD_IRQHandler
 .text.DMA0_IRQHandler
                0x0000247e        0x8 ./startup/startup_lpc55s69_cm33_core0.o
                0x0000247e                DMA0_IRQHandler
 .text.GINT0_IRQHandler
                0x00002486        0x8 ./startup/startup_lpc55s69_cm33_core0.o
                0x00002486                GINT0_IRQHandler
 .text.GINT1_IRQHandler
                0x0000248e        0x8 ./startup/startup_lpc55s69_cm33_core0.o
                0x0000248e                GINT1_IRQHandler
 .text.PIN_INT0_IRQHandler
                0x00002496        0x8 ./startup/startup_lpc55s69_cm33_core0.o
                0x00002496                PIN_INT0_IRQHandler
 .text.PIN_INT1_IRQHandler
                0x0000249e        0x8 ./startup/startup_lpc55s69_cm33_core0.o
                0x0000249e                PIN_INT1_IRQHandler
 .text.PIN_INT2_IRQHandler
                0x000024a6        0x8 ./startup/startup_lpc55s69_cm33_core0.o
                0x000024a6                PIN_INT2_IRQHandler
 .text.PIN_INT3_IRQHandler
                0x000024ae        0x8 ./startup/startup_lpc55s69_cm33_core0.o
                0x000024ae                PIN_INT3_IRQHandler
 .text.UTICK0_IRQHandler
                0x000024b6        0x8 ./startup/startup_lpc55s69_cm33_core0.o
                0x000024b6                UTICK0_IRQHandler
 .text.MRT0_IRQHandler
                0x000024be        0x8 ./startup/startup_lpc55s69_cm33_core0.o
                0x000024be                MRT0_IRQHandler
 .text.CTIMER0_IRQHandler
                0x000024c6        0x8 ./startup/startup_lpc55s69_cm33_core0.o
                0x000024c6                CTIMER0_IRQHandler
 .text.CTIMER1_IRQHandler
                0x000024ce        0x8 ./startup/startup_lpc55s69_cm33_core0.o
                0x000024ce                CTIMER1_IRQHandler
 .text.SCT0_IRQHandler
                0x000024d6        0x8 ./startup/startup_lpc55s69_cm33_core0.o
                0x000024d6                SCT0_IRQHandler
 .text.CTIMER3_IRQHandler
                0x000024de        0x8 ./startup/startup_lpc55s69_cm33_core0.o
                0x000024de                CTIMER3_IRQHandler
 .text.FLEXCOMM0_IRQHandler
                0x000024e6        0x8 ./startup/startup_lpc55s69_cm33_core0.o
                0x000024e6                FLEXCOMM0_IRQHandler
 .text.FLEXCOMM1_IRQHandler
                0x000024ee        0x8 ./startup/startup_lpc55s69_cm33_core0.o
                0x000024ee                FLEXCOMM1_IRQHandler
 .text.FLEXCOMM2_IRQHandler
                0x000024f6        0x8 ./startup/startup_lpc55s69_cm33_core0.o
                0x000024f6                FLEXCOMM2_IRQHandler
 .text.FLEXCOMM3_IRQHandler
                0x000024fe        0x8 ./startup/startup_lpc55s69_cm33_core0.o
                0x000024fe                FLEXCOMM3_IRQHandler
 .text.FLEXCOMM4_IRQHandler
                0x00002506        0x8 ./startup/startup_lpc55s69_cm33_core0.o
                0x00002506                FLEXCOMM4_IRQHandler
 .text.FLEXCOMM5_IRQHandler
                0x0000250e        0x8 ./startup/startup_lpc55s69_cm33_core0.o
                0x0000250e                FLEXCOMM5_IRQHandler
 .text.FLEXCOMM6_IRQHandler
                0x00002516        0x8 ./startup/startup_lpc55s69_cm33_core0.o
                0x00002516                FLEXCOMM6_IRQHandler
 .text.FLEXCOMM7_IRQHandler
                0x0000251e        0x8 ./startup/startup_lpc55s69_cm33_core0.o
                0x0000251e                FLEXCOMM7_IRQHandler
 .text.ADC0_IRQHandler
                0x00002526        0x8 ./startup/startup_lpc55s69_cm33_core0.o
                0x00002526                ADC0_IRQHandler
 .text.Reserved39_IRQHandler
                0x0000252e        0x8 ./startup/startup_lpc55s69_cm33_core0.o
                0x0000252e                Reserved39_IRQHandler
 .text.ACMP_IRQHandler
                0x00002536        0x8 ./startup/startup_lpc55s69_cm33_core0.o
                0x00002536                ACMP_IRQHandler
 .text.Reserved41_IRQHandler
                0x0000253e        0x8 ./startup/startup_lpc55s69_cm33_core0.o
                0x0000253e                Reserved41_IRQHandler
 .text.Reserved42_IRQHandler
                0x00002546        0x8 ./startup/startup_lpc55s69_cm33_core0.o
                0x00002546                Reserved42_IRQHandler
 .text.USB0_NEEDCLK_IRQHandler
                0x0000254e        0x8 ./startup/startup_lpc55s69_cm33_core0.o
                0x0000254e                USB0_NEEDCLK_IRQHandler
 .text.USB0_IRQHandler
                0x00002556        0x8 ./startup/startup_lpc55s69_cm33_core0.o
                0x00002556                USB0_IRQHandler
 .text.RTC_IRQHandler
                0x0000255e        0x8 ./startup/startup_lpc55s69_cm33_core0.o
                0x0000255e                RTC_IRQHandler
 .text.Reserved46_IRQHandler
                0x00002566        0x8 ./startup/startup_lpc55s69_cm33_core0.o
                0x00002566                Reserved46_IRQHandler
 .text.MAILBOX_IRQHandler
                0x0000256e        0x8 ./startup/startup_lpc55s69_cm33_core0.o
                0x0000256e                MAILBOX_IRQHandler
 .text.PIN_INT4_IRQHandler
                0x00002576        0x8 ./startup/startup_lpc55s69_cm33_core0.o
                0x00002576                PIN_INT4_IRQHandler
 .text.PIN_INT5_IRQHandler
                0x0000257e        0x8 ./startup/startup_lpc55s69_cm33_core0.o
                0x0000257e                PIN_INT5_IRQHandler
 .text.PIN_INT6_IRQHandler
                0x00002586        0x8 ./startup/startup_lpc55s69_cm33_core0.o
                0x00002586                PIN_INT6_IRQHandler
 .text.PIN_INT7_IRQHandler
                0x0000258e        0x8 ./startup/startup_lpc55s69_cm33_core0.o
                0x0000258e                PIN_INT7_IRQHandler
 .text.CTIMER2_IRQHandler
                0x00002596        0x8 ./startup/startup_lpc55s69_cm33_core0.o
                0x00002596                CTIMER2_IRQHandler
 .text.CTIMER4_IRQHandler
                0x0000259e        0x8 ./startup/startup_lpc55s69_cm33_core0.o
                0x0000259e                CTIMER4_IRQHandler
 .text.OS_EVENT_IRQHandler
                0x000025a6        0x8 ./startup/startup_lpc55s69_cm33_core0.o
                0x000025a6                OS_EVENT_IRQHandler
 .text.Reserved55_IRQHandler
                0x000025ae        0x8 ./startup/startup_lpc55s69_cm33_core0.o
                0x000025ae                Reserved55_IRQHandler
 .text.Reserved56_IRQHandler
                0x000025b6        0x8 ./startup/startup_lpc55s69_cm33_core0.o
                0x000025b6                Reserved56_IRQHandler
 .text.Reserved57_IRQHandler
                0x000025be        0x8 ./startup/startup_lpc55s69_cm33_core0.o
                0x000025be                Reserved57_IRQHandler
 .text.SDIO_IRQHandler
                0x000025c6        0x8 ./startup/startup_lpc55s69_cm33_core0.o
                0x000025c6                SDIO_IRQHandler
 .text.Reserved59_IRQHandler
                0x000025ce        0x8 ./startup/startup_lpc55s69_cm33_core0.o
                0x000025ce                Reserved59_IRQHandler
 .text.Reserved60_IRQHandler
                0x000025d6        0x8 ./startup/startup_lpc55s69_cm33_core0.o
                0x000025d6                Reserved60_IRQHandler
 .text.Reserved61_IRQHandler
                0x000025de        0x8 ./startup/startup_lpc55s69_cm33_core0.o
                0x000025de                Reserved61_IRQHandler
 .text.USB1_PHY_IRQHandler
                0x000025e6        0x8 ./startup/startup_lpc55s69_cm33_core0.o
                0x000025e6                USB1_PHY_IRQHandler
 .text.USB1_IRQHandler
                0x000025ee        0x8 ./startup/startup_lpc55s69_cm33_core0.o
                0x000025ee                USB1_IRQHandler
 .text.USB1_NEEDCLK_IRQHandler
                0x000025f6        0x8 ./startup/startup_lpc55s69_cm33_core0.o
                0x000025f6                USB1_NEEDCLK_IRQHandler
 .text.SEC_HYPERVISOR_CALL_IRQHandler
                0x000025fe        0x8 ./startup/startup_lpc55s69_cm33_core0.o
                0x000025fe                SEC_HYPERVISOR_CALL_IRQHandler
 .text.SEC_GPIO_INT0_IRQ0_IRQHandler
                0x00002606        0x8 ./startup/startup_lpc55s69_cm33_core0.o
                0x00002606                SEC_GPIO_INT0_IRQ0_IRQHandler
 .text.SEC_GPIO_INT0_IRQ1_IRQHandler
                0x0000260e        0x8 ./startup/startup_lpc55s69_cm33_core0.o
                0x0000260e                SEC_GPIO_INT0_IRQ1_IRQHandler
 .text.PLU_IRQHandler
                0x00002616        0x8 ./startup/startup_lpc55s69_cm33_core0.o
                0x00002616                PLU_IRQHandler
 .text.SEC_VIO_IRQHandler
                0x0000261e        0x8 ./startup/startup_lpc55s69_cm33_core0.o
                0x0000261e                SEC_VIO_IRQHandler
 .text.HASHCRYPT_IRQHandler
                0x00002626        0x8 ./startup/startup_lpc55s69_cm33_core0.o
                0x00002626                HASHCRYPT_IRQHandler
 .text.CASER_IRQHandler
                0x0000262e        0x8 ./startup/startup_lpc55s69_cm33_core0.o
                0x0000262e                CASER_IRQHandler
 .text.PUF_IRQHandler
                0x00002636        0x8 ./startup/startup_lpc55s69_cm33_core0.o
                0x00002636                PUF_IRQHandler
 .text.PQ_IRQHandler
                0x0000263e        0x8 ./startup/startup_lpc55s69_cm33_core0.o
                0x0000263e                PQ_IRQHandler
 .text.DMA1_IRQHandler
                0x00002646        0x8 ./startup/startup_lpc55s69_cm33_core0.o
                0x00002646                DMA1_IRQHandler
 .text.FLEXCOMM8_IRQHandler
                0x0000264e        0x8 ./startup/startup_lpc55s69_cm33_core0.o
                0x0000264e                FLEXCOMM8_IRQHandler
 .text.HardFault_Handler
                0x00002656       0x2c ./source/semihost_hardfault.o
                0x00002656                HardFault_Handler
 .text.CLOCK_IsPLL0Locked
                0x00002682       0x24 ./drivers/fsl_clock.o
 .text.findPll0PreDiv
                0x000026a6       0x3e ./drivers/fsl_clock.o
 .text.DelayLoop
                0x000026e4       0x20 ./drivers/fsl_common_arm.o
 .text.CLOCK_EnableClock
                0x00002704       0x30 ./drivers/fsl_flexcomm.o
 .text.FLEXCOMM_PeripheralIsPresent
                0x00002734       0x64 ./drivers/fsl_flexcomm.o
 .text.FLEXCOMM_SetPeriph
                0x00002798       0x74 ./drivers/fsl_flexcomm.o
 .text.CLOCK_EnableClock
                0x0000280c       0x30 ./drivers/fsl_gint.o
 .text.EnableIRQ
                0x0000283c       0x32 ./drivers/fsl_gint.o
 .text.GINT_ClrStatus
                0x0000286e       0x20 ./drivers/fsl_gint.o
 .text.GINT_ConfigPins
                0x0000288e       0x34 ./drivers/fsl_gint.o
                0x0000288e                GINT_ConfigPins
 .text.lowpower_set_voltage_for_process
                0x000028c2       0xaa ./drivers/fsl_power.o
 .text.RESET_PeripheralReset
                0x0000296c       0x1c ./drivers/fsl_reset.o
                0x0000296c                RESET_PeripheralReset
 .text.USART_EnableContinuousSCLK
                0x00002988       0x38 ./drivers/fsl_usart.o
 .text.SystemInitHook
                0x000029c0        0xe ./device/system_LPC55S69_cm33_core0.o
                0x000029c0                SystemInitHook
 .text.HAL_UartGetStatus
                0x000029ce       0x22 ./component/uart/fsl_adapter_usart.o
 .text.HAL_UartInit
                0x000029f0       0x36 ./component/uart/fsl_adapter_usart.o
                0x000029f0                HAL_UartInit
 .text.BOARD_InitBootClocks
                0x00002a26        0xc ./board/clock_config.o
                0x00002a26                BOARD_InitBootClocks
 .text.Chip_GetVersion
                0x00002a32       0x36 ./board/pin_mux.o
 .text.CLOCK_EnableClock
                0x00002a68       0x30 ./board/pin_mux.o
 .text.IOCON_PinMuxSet
                0x00002a98       0x2e ./board/pin_mux.o
 .text.BOARD_InitBootPins
                0x00002ac6        0xc ./board/pin_mux.o
                0x00002ac6                BOARD_InitBootPins
 .text.__main   0x00002ad2        0xe c:/nxp/mcuxpressoide_11.5.0_7232/ide/plugins/com.nxp.mcuxpresso.tools.win32_11.5.0.202107051138/tools/bin/../lib/gcc/arm-none-eabi/10.3.1/../../../../arm-none-eabi/lib/thumb/v8-m.main+fp/hard\libcr_nohost_nf.a(_cr__main.o)
                0x00002ad2                __main
 .text.memcpy   0x00002ae0        0x4 c:/nxp/mcuxpressoide_11.5.0_7232/ide/plugins/com.nxp.mcuxpresso.tools.win32_11.5.0.202107051138/tools/bin/../lib/gcc/arm-none-eabi/10.3.1/../../../../arm-none-eabi/lib/thumb/v8-m.main+fp/hard\libcr_c.a(memcpy.o)
                0x00002ae0                memcpy
 .text.memset   0x00002ae4        0x4 c:/nxp/mcuxpressoide_11.5.0_7232/ide/plugins/com.nxp.mcuxpresso.tools.win32_11.5.0.202107051138/tools/bin/../lib/gcc/arm-none-eabi/10.3.1/../../../../arm-none-eabi/lib/thumb/v8-m.main+fp/hard\libcr_c.a(memset.o)
                0x00002ae4                memset
 .text.free     0x00002ae8       0x30 c:/nxp/mcuxpressoide_11.5.0_7232/ide/plugins/com.nxp.mcuxpresso.tools.win32_11.5.0.202107051138/tools/bin/../lib/gcc/arm-none-eabi/10.3.1/../../../../arm-none-eabi/lib/thumb/v8-m.main+fp/hard\libcr_c.a(alloc.o)
                0x00002ae8                free
 .text.setvbuf  0x00002b18       0x3e c:/nxp/mcuxpressoide_11.5.0_7232/ide/plugins/com.nxp.mcuxpresso.tools.win32_11.5.0.202107051138/tools/bin/../lib/gcc/arm-none-eabi/10.3.1/../../../../arm-none-eabi/lib/thumb/v8-m.main+fp/hard\libcr_c.a(setvbuf.o)
                0x00002b18                setvbuf
 .text.strlen   0x00002b56       0x48 c:/nxp/mcuxpressoide_11.5.0_7232/ide/plugins/com.nxp.mcuxpresso.tools.win32_11.5.0.202107051138/tools/bin/../lib/gcc/arm-none-eabi/10.3.1/../../../../arm-none-eabi/lib/thumb/v8-m.main+fp/hard\libcr_c.a(strlen.o)
                0x00002b56                strlen
 .text._fdopen  0x00002b9e       0x68 c:/nxp/mcuxpressoide_11.5.0_7232/ide/plugins/com.nxp.mcuxpresso.tools.win32_11.5.0.202107051138/tools/bin/../lib/gcc/arm-none-eabi/10.3.1/../../../../arm-none-eabi/lib/thumb/v8-m.main+fp/hard\libcr_c.a(_fdopen.o)
                0x00002b9e                _fdopen
 .text.fclose   0x00002c06       0x58 c:/nxp/mcuxpressoide_11.5.0_7232/ide/plugins/com.nxp.mcuxpresso.tools.win32_11.5.0.202107051138/tools/bin/../lib/gcc/arm-none-eabi/10.3.1/../../../../arm-none-eabi/lib/thumb/v8-m.main+fp/hard\libcr_c.a(fclose.o)
                0x00002c06                fclose
 .text.remove   0x00002c5e       0x14 c:/nxp/mcuxpressoide_11.5.0_7232/ide/plugins/com.nxp.mcuxpresso.tools.win32_11.5.0.202107051138/tools/bin/../lib/gcc/arm-none-eabi/10.3.1/../../../../arm-none-eabi/lib/thumb/v8-m.main+fp/hard\libcr_c.a(remove.o)
                0x00002c5e                remove
 .text._do_fflush
                0x00002c72       0x40 c:/nxp/mcuxpressoide_11.5.0_7232/ide/plugins/com.nxp.mcuxpresso.tools.win32_11.5.0.202107051138/tools/bin/../lib/gcc/arm-none-eabi/10.3.1/../../../../arm-none-eabi/lib/thumb/v8-m.main+fp/hard\libcr_c.a(_do_fflush.o)
                0x00002c72                _do_fflush
 .text._fflush  0x00002cb2       0x52 c:/nxp/mcuxpressoide_11.5.0_7232/ide/plugins/com.nxp.mcuxpresso.tools.win32_11.5.0.202107051138/tools/bin/../lib/gcc/arm-none-eabi/10.3.1/../../../../arm-none-eabi/lib/thumb/v8-m.main+fp/hard\libcr_c.a(_fflush.o)
                0x00002cb2                _fflush
 .text._deferredlazyseek
                0x00002d04       0x40 c:/nxp/mcuxpressoide_11.5.0_7232/ide/plugins/com.nxp.mcuxpresso.tools.win32_11.5.0.202107051138/tools/bin/../lib/gcc/arm-none-eabi/10.3.1/../../../../arm-none-eabi/lib/thumb/v8-m.main+fp/hard\libcr_c.a(_deferredlazyseek.o)
                0x00002d04                _deferredlazyseek
 .text.__aeabi_division_uldivmod
                0x00002d44      0x174 c:/nxp/mcuxpressoide_11.5.0_7232/ide/plugins/com.nxp.mcuxpresso.tools.win32_11.5.0.202107051138/tools/bin/../lib/gcc/arm-none-eabi/10.3.1/thumb/v8-m.main+fp/hard\libcr_eabihelpers.a(division_64.o)
                0x00002d44                __aeabi_uldivmod
                0x00002d48                __bhs_ldivmod1
 .text.__aeabi_division_idiv0
                0x00002eb8        0x2 c:/nxp/mcuxpressoide_11.5.0_7232/ide/plugins/com.nxp.mcuxpresso.tools.win32_11.5.0.202107051138/tools/bin/../lib/gcc/arm-none-eabi/10.3.1/thumb/v8-m.main+fp/hard\libcr_eabihelpers.a(division_idiv0.o)
                0x00002eb8                __aeabi_idiv0
 .text.__aeabi_memcpy
                0x00002eba       0x34 c:/nxp/mcuxpressoide_11.5.0_7232/ide/plugins/com.nxp.mcuxpresso.tools.win32_11.5.0.202107051138/tools/bin/../lib/gcc/arm-none-eabi/10.3.1/thumb/v8-m.main+fp/hard\libcr_eabihelpers.a(memcpy.o)
                0x00002eba                __aeabi_memcpy
                0x00002ec4                __aeabi_memcpy8
                0x00002ec4                __aeabi_memcpy4
 .text.__aeabi_memset_lowlevel
                0x00002eee       0x32 c:/nxp/mcuxpressoide_11.5.0_7232/ide/plugins/com.nxp.mcuxpresso.tools.win32_11.5.0.202107051138/tools/bin/../lib/gcc/arm-none-eabi/10.3.1/thumb/v8-m.main+fp/hard\libcr_eabihelpers.a(memcpy.o)
                0x00002eee                __aeabi_lowlevel_memset
 .text.__sys_close
                0x00002f20        0x6 c:/nxp/mcuxpressoide_11.5.0_7232/ide/plugins/com.nxp.mcuxpresso.tools.win32_11.5.0.202107051138/tools/bin/../lib/gcc/arm-none-eabi/10.3.1/../../../../arm-none-eabi/lib/thumb/v8-m.main+fp/hard\libcr_nohost_nf.a(__sys_close.o)
                0x00002f20                __sys_close
 .text.__sys_flen
                0x00002f26        0x6 c:/nxp/mcuxpressoide_11.5.0_7232/ide/plugins/com.nxp.mcuxpresso.tools.win32_11.5.0.202107051138/tools/bin/../lib/gcc/arm-none-eabi/10.3.1/../../../../arm-none-eabi/lib/thumb/v8-m.main+fp/hard\libcr_nohost_nf.a(__sys_flen.o)
                0x00002f26                __sys_flen
 .text.__sys_istty
                0x00002f2c        0x6 c:/nxp/mcuxpressoide_11.5.0_7232/ide/plugins/com.nxp.mcuxpresso.tools.win32_11.5.0.202107051138/tools/bin/../lib/gcc/arm-none-eabi/10.3.1/../../../../arm-none-eabi/lib/thumb/v8-m.main+fp/hard\libcr_nohost_nf.a(__sys_istty.o)
                0x00002f2c                __sys_istty
 .text.__sys_remove
                0x00002f32        0x6 c:/nxp/mcuxpressoide_11.5.0_7232/ide/plugins/com.nxp.mcuxpresso.tools.win32_11.5.0.202107051138/tools/bin/../lib/gcc/arm-none-eabi/10.3.1/../../../../arm-none-eabi/lib/thumb/v8-m.main+fp/hard\libcr_nohost_nf.a(__sys_remove.o)
                0x00002f32                __sys_remove
 .text.__sys_seek
                0x00002f38        0x6 c:/nxp/mcuxpressoide_11.5.0_7232/ide/plugins/com.nxp.mcuxpresso.tools.win32_11.5.0.202107051138/tools/bin/../lib/gcc/arm-none-eabi/10.3.1/../../../../arm-none-eabi/lib/thumb/v8-m.main+fp/hard\libcr_nohost_nf.a(__sys_seek.o)
                0x00002f38                __sys_seek
 .text.__sys_tmpnam
                0x00002f3e        0x6 c:/nxp/mcuxpressoide_11.5.0_7232/ide/plugins/com.nxp.mcuxpresso.tools.win32_11.5.0.202107051138/tools/bin/../lib/gcc/arm-none-eabi/10.3.1/../../../../arm-none-eabi/lib/thumb/v8-m.main+fp/hard\libcr_nohost_nf.a(__sys_tmpnam.o)
                0x00002f3e                __sys_tmpnam
 .text.__sys_write
                0x00002f44        0x4 c:/nxp/mcuxpressoide_11.5.0_7232/ide/plugins/com.nxp.mcuxpresso.tools.win32_11.5.0.202107051138/tools/bin/../lib/gcc/arm-none-eabi/10.3.1/../../../../arm-none-eabi/lib/thumb/v8-m.main+fp/hard\libcr_nohost_nf.a(__sys_write.o)
                0x00002f44                __sys_write
 *(SORT_BY_ALIGNMENT(.rodata) SORT_BY_ALIGNMENT(.rodata.*) SORT_BY_ALIGNMENT(.constdata) SORT_BY_ALIGNMENT(.constdata.*))
 .rodata.__assertion_failed.str1.4
                0x00002f48       0x14 ./utilities/fsl_assert.o
 .rodata.callback_interrupt_sw203.str1.4
                0x00002f5c       0x1e ./source/gint.o
 *fill*         0x00002f7a        0x2 ff
 .rodata.callback_interrupt_sw202.str1.4
                0x00002f7c       0x1e ./source/gint.o
 *fill*         0x00002f9a        0x2 ff
 .rodata.main.str1.4
                0x00002f9c       0x77 ./source/gint.o
 *fill*         0x00003013        0x1 ff
 .rodata.SDK_DelayAtLeastUs.str1.4
                0x00003014       0x2b ./drivers/fsl_common_arm.o
 *fill*         0x0000303f        0x1 ff
 .rodata.s_flexcommBaseAddrs
                0x00003040       0x24 ./drivers/fsl_flexcomm.o
 .rodata.s_flexcommClocks
                0x00003064       0x12 ./drivers/fsl_flexcomm.o
 *fill*         0x00003076        0x2 ff
 .rodata.s_flexcommResets
                0x00003078       0x24 ./drivers/fsl_flexcomm.o
 .rodata.FLEXCOMM_GetInstance.str1.4
                0x0000309c       0x42 ./drivers/fsl_flexcomm.o
 *fill*         0x000030de        0x2 ff
 .rodata.FLEXCOMM0_DriverIRQHandler.str1.4
                0x000030e0       0x3c ./drivers/fsl_flexcomm.o
 .rodata.FLEXCOMM1_DriverIRQHandler.str1.4
                0x0000311c       0x3c ./drivers/fsl_flexcomm.o
 .rodata.FLEXCOMM2_DriverIRQHandler.str1.4
                0x00003158       0x3c ./drivers/fsl_flexcomm.o
 .rodata.FLEXCOMM3_DriverIRQHandler.str1.4
                0x00003194       0x3c ./drivers/fsl_flexcomm.o
 .rodata.FLEXCOMM4_DriverIRQHandler.str1.4
                0x000031d0       0x3c ./drivers/fsl_flexcomm.o
 .rodata.FLEXCOMM5_DriverIRQHandler.str1.4
                0x0000320c       0x3c ./drivers/fsl_flexcomm.o
 .rodata.FLEXCOMM6_DriverIRQHandler.str1.4
                0x00003248       0x3c ./drivers/fsl_flexcomm.o
 .rodata.FLEXCOMM7_DriverIRQHandler.str1.4
                0x00003284       0x3c ./drivers/fsl_flexcomm.o
 .rodata.FLEXCOMM8_DriverIRQHandler.str1.4
                0x000032c0       0x3c ./drivers/fsl_flexcomm.o
 .rodata.s_gintBases
                0x000032fc        0x8 ./drivers/fsl_gint.o
 .rodata.s_gintClocks
                0x00003304        0x4 ./drivers/fsl_gint.o
 .rodata.s_gintResets
                0x00003308        0x8 ./drivers/fsl_gint.o
 .rodata.s_gintIRQ
                0x00003310        0x2 ./drivers/fsl_gint.o
 *fill*         0x00003312        0x2 ff
 .rodata.GINT_GetInstance.str1.4
                0x00003314       0x33 ./drivers/fsl_gint.o
 *fill*         0x00003347        0x1 ff
 .rodata.RESET_SetPeripheralReset.str1.4
                0x00003348       0x1e ./drivers/fsl_reset.o
 *fill*         0x00003366        0x2 ff
 .rodata.RESET_ClearPeripheralReset.str1.4
                0x00003368       0x1e ./drivers/fsl_reset.o
 *fill*         0x00003386        0x2 ff
 .rodata.USART_Init.str1.4
                0x00003388       0x4f ./drivers/fsl_usart.o
 *fill*         0x000033d7        0x1 ff
 .rodata.USART_GetDefaultConfig.str1.4
                0x000033d8       0x21 ./drivers/fsl_usart.o
 *fill*         0x000033f9        0x3 ff
 .rodata.USART_SetBaudRate.str1.4
                0x000033fc       0x53 ./drivers/fsl_usart.o
 *fill*         0x0000344f        0x1 ff
 .rodata.USART_WriteBlocking.str1.4
                0x00003450       0x36 ./drivers/fsl_usart.o
 *fill*         0x00003486        0x2 ff
 .rodata.USART_ReadBlocking.str1.4
                0x00003488       0x36 ./drivers/fsl_usart.o
 *fill*         0x000034be        0x2 ff
 .rodata.s_UsartAdapterBase
                0x000034c0       0x20 ./component/uart/fsl_adapter_usart.o
 .rodata.HAL_UartInitCommon.str1.4
                0x000034e0       0xeb ./component/uart/fsl_adapter_usart.o
 *fill*         0x000035cb        0x1 ff
 .rodata.HAL_UartReceiveBlocking.str1.4
                0x000035cc       0x65 ./component/uart/fsl_adapter_usart.o
 *fill*         0x00003631        0x3 ff
 .rodata.HAL_UartSendBlocking.str1.4
                0x00003634       0x65 ./component/uart/fsl_adapter_usart.o
 *fill*         0x00003699        0x3 ff
 .rodata.__num_Ciob_streams
                0x0000369c        0x4 c:/nxp/mcuxpressoide_11.5.0_7232/ide/plugins/com.nxp.mcuxpresso.tools.win32_11.5.0.202107051138/tools/bin/../lib/gcc/arm-none-eabi/10.3.1/../../../../arm-none-eabi/lib/thumb/v8-m.main+fp/hard\libcr_nohost_nf.a(__ciob.o)
                0x0000369c                __num_Ciob_streams
 .rodata._initio.str1.1
                0x000036a0        0x4 c:/nxp/mcuxpressoide_11.5.0_7232/ide/plugins/com.nxp.mcuxpresso.tools.win32_11.5.0.202107051138/tools/bin/../lib/gcc/arm-none-eabi/10.3.1/../../../../arm-none-eabi/lib/thumb/v8-m.main+fp/hard\libcr_c.a(initio.o)
                0x000036a4                . = ALIGN (0x4)

.glue_7         0x000036a4        0x0
 .glue_7        0x000036a4        0x0 linker stubs

.glue_7t        0x000036a4        0x0
 .glue_7t       0x000036a4        0x0 linker stubs

.vfp11_veneer   0x000036a4        0x0
 .vfp11_veneer  0x000036a4        0x0 linker stubs

.v4_bx          0x000036a4        0x0
 .v4_bx         0x000036a4        0x0 linker stubs

.iplt           0x000036a4        0x0
 .iplt          0x000036a4        0x0 ./utilities/fsl_assert.o

.rel.dyn        0x000036a4        0x0
 .rel.iplt      0x000036a4        0x0 ./utilities/fsl_assert.o

.ARM.extab
 *(SORT_BY_ALIGNMENT(.ARM.extab*) SORT_BY_ALIGNMENT(.gnu.linkonce.armextab.*))

.ARM.exidx      0x000036a4        0x0
                0x000036a4                __exidx_start = .
 *(SORT_BY_ALIGNMENT(.ARM.exidx*) SORT_BY_ALIGNMENT(.gnu.linkonce.armexidx.*))
                0x000036a4                __exidx_end = .
                0x000036a4                _etext = .

.m_usb_data
 *(SORT_BY_ALIGNMENT(m_usb_global))

.data_RAM2      0x04000000        0x0 load address 0x000036a4
 FILL mask 0xff
                [!provide]                PROVIDE (__start_data_RAM2 = .)
                [!provide]                PROVIDE (__start_data_SRAMX = .)
 *(SORT_BY_ALIGNMENT(.ramfunc.$RAM2))
 *(SORT_BY_ALIGNMENT(.ramfunc.$SRAMX))
 *(SORT_BY_ALIGNMENT(.data.$RAM2))
 *(SORT_BY_ALIGNMENT(.data.$SRAMX))
 *(SORT_BY_ALIGNMENT(.data.$RAM2.*))
 *(SORT_BY_ALIGNMENT(.data.$SRAMX.*))
                0x04000000                . = ALIGN (0x4)
                [!provide]                PROVIDE (__end_data_RAM2 = .)
                [!provide]                PROVIDE (__end_data_SRAMX = .)

.data_RAM3      0x40100000        0x0 load address 0x000036a4
 FILL mask 0xff
                [!provide]                PROVIDE (__start_data_RAM3 = .)
                [!provide]                PROVIDE (__start_data_USB_RAM = .)
 *(SORT_BY_ALIGNMENT(.ramfunc.$RAM3))
 *(SORT_BY_ALIGNMENT(.ramfunc.$USB_RAM))
 *(SORT_BY_ALIGNMENT(.data.$RAM3))
 *(SORT_BY_ALIGNMENT(.data.$USB_RAM))
 *(SORT_BY_ALIGNMENT(.data.$RAM3.*))
 *(SORT_BY_ALIGNMENT(.data.$USB_RAM.*))
                0x40100000                . = ALIGN (0x4)
                [!provide]                PROVIDE (__end_data_RAM3 = .)
                [!provide]                PROVIDE (__end_data_USB_RAM = .)

.data_RAM4      0x20040000        0x0 load address 0x000036a4
 FILL mask 0xff
                [!provide]                PROVIDE (__start_data_RAM4 = .)
                [!provide]                PROVIDE (__start_data_SRAM4 = .)
 *(SORT_BY_ALIGNMENT(.ramfunc.$RAM4))
 *(SORT_BY_ALIGNMENT(.ramfunc.$SRAM4))
 *(SORT_BY_ALIGNMENT(.data.$RAM4))
 *(SORT_BY_ALIGNMENT(.data.$SRAM4))
 *(SORT_BY_ALIGNMENT(.data.$RAM4.*))
 *(SORT_BY_ALIGNMENT(.data.$SRAM4.*))
                0x20040000                . = ALIGN (0x4)
                [!provide]                PROVIDE (__end_data_RAM4 = .)
                [!provide]                PROVIDE (__end_data_SRAM4 = .)

.uninit_RESERVED
                0x20000000        0x0
                0x20000000                _start_uninit_RESERVED = .
 *(SORT_BY_ALIGNMENT(.bss.$RESERVED*))
                0x20000000                . = ALIGN (0x4)
                0x20000000                _end_uninit_RESERVED = .

.data           0x20000000        0x8 load address 0x000036a4
 FILL mask 0xff
                0x20000000                _data = .
                [!provide]                PROVIDE (__start_data_RAM = .)
                [!provide]                PROVIDE (__start_data_SRAM = .)
 *(SORT_BY_ALIGNMENT(vtable))
 *(SORT_BY_ALIGNMENT(.ramfunc*))
 *(SORT_BY_ALIGNMENT(CodeQuickAccess))
 *(SORT_BY_ALIGNMENT(DataQuickAccess))
 *(SORT_BY_ALIGNMENT(RamFunction))
 *(SORT_BY_ALIGNMENT(.data*))
 .data.s_Ext_Clk_Freq
                0x20000000        0x4 ./drivers/fsl_clock.o
 .data.SystemCoreClock
                0x20000004        0x4 ./device/system_LPC55S69_cm33_core0.o
                0x20000004                SystemCoreClock
                0x20000008                . = ALIGN (0x4)
                0x20000008                _edata = .
                [!provide]                PROVIDE (__end_data_RAM = .)
                [!provide]                PROVIDE (__end_data_SRAM = .)

.igot.plt       0x20000008        0x0 load address 0x000036ac
 .igot.plt      0x20000008        0x0 ./utilities/fsl_assert.o

.bss_RAM2       0x04000000        0x0
                [!provide]                PROVIDE (__start_bss_RAM2 = .)
                [!provide]                PROVIDE (__start_bss_SRAMX = .)
 *(SORT_BY_ALIGNMENT(.bss.$RAM2))
 *(SORT_BY_ALIGNMENT(.bss.$SRAMX))
 *(SORT_BY_ALIGNMENT(.bss.$RAM2.*))
 *(SORT_BY_ALIGNMENT(.bss.$SRAMX.*))
                0x04000000                . = ALIGN ((. != 0x0)?0x4:0x1)
                [!provide]                PROVIDE (__end_bss_RAM2 = .)
                [!provide]                PROVIDE (__end_bss_SRAMX = .)

.bss_RAM3       0x40100000        0x0
                [!provide]                PROVIDE (__start_bss_RAM3 = .)
                [!provide]                PROVIDE (__start_bss_USB_RAM = .)
 *(SORT_BY_ALIGNMENT(.bss.$RAM3))
 *(SORT_BY_ALIGNMENT(.bss.$USB_RAM))
 *(SORT_BY_ALIGNMENT(.bss.$RAM3.*))
 *(SORT_BY_ALIGNMENT(.bss.$USB_RAM.*))
                0x40100000                . = ALIGN ((. != 0x0)?0x4:0x1)
                [!provide]                PROVIDE (__end_bss_RAM3 = .)
                [!provide]                PROVIDE (__end_bss_USB_RAM = .)

.bss_RAM4       0x20040000        0x0
                [!provide]                PROVIDE (__start_bss_RAM4 = .)
                [!provide]                PROVIDE (__start_bss_SRAM4 = .)
 *(SORT_BY_ALIGNMENT(.bss.$RAM4))
 *(SORT_BY_ALIGNMENT(.bss.$SRAM4))
 *(SORT_BY_ALIGNMENT(.bss.$RAM4.*))
 *(SORT_BY_ALIGNMENT(.bss.$SRAM4.*))
                0x20040000                . = ALIGN ((. != 0x0)?0x4:0x1)
                [!provide]                PROVIDE (__end_bss_RAM4 = .)
                [!provide]                PROVIDE (__end_bss_SRAM4 = .)

.bss            0x20000008      0x120
                0x20000008                _bss = .
                [!provide]                PROVIDE (__start_bss_RAM = .)
                [!provide]                PROVIDE (__start_bss_SRAM = .)
 *(SORT_BY_ALIGNMENT(.bss*))
 .bss.s_debugConsole
                0x20000008       0x14 ./utilities/fsl_debug_console.o
 .bss.s_Pll0_Freq
                0x2000001c        0x4 ./drivers/fsl_clock.o
 .bss.s_flexcommIrqHandler
                0x20000020       0x24 ./drivers/fsl_flexcomm.o
 .bss.s_flexcommHandle
                0x20000044       0x24 ./drivers/fsl_flexcomm.o
 .bss.s_gintCallback
                0x20000068        0x8 ./drivers/fsl_gint.o
 .bss.errno     0x20000070        0x4 c:/nxp/mcuxpressoide_11.5.0_7232/ide/plugins/com.nxp.mcuxpresso.tools.win32_11.5.0.202107051138/tools/bin/../lib/gcc/arm-none-eabi/10.3.1/../../../../arm-none-eabi/lib/thumb/v8-m.main+fp/hard\libcr_c.a(errno.o)
                0x20000070                errno
 .bss.__Ciob    0x20000074       0xb4 c:/nxp/mcuxpressoide_11.5.0_7232/ide/plugins/com.nxp.mcuxpresso.tools.win32_11.5.0.202107051138/tools/bin/../lib/gcc/arm-none-eabi/10.3.1/../../../../arm-none-eabi/lib/thumb/v8-m.main+fp/hard\libcr_nohost_nf.a(__ciob.o)
                0x20000074                __Ciob
 *(SORT_BY_ALIGNMENT(COMMON))
                0x20000128                . = ALIGN (0x4)
                0x20000128                _ebss = .
                [!provide]                PROVIDE (__end_bss_RAM = .)
                [!provide]                PROVIDE (__end_bss_SRAM = .)
                [!provide]                PROVIDE (end = .)

.noinit_RAM2    0x04000000        0x0
                [!provide]                PROVIDE (__start_noinit_RAM2 = .)
                [!provide]                PROVIDE (__start_noinit_SRAMX = .)
 *(SORT_BY_ALIGNMENT(.noinit.$RAM2))
 *(SORT_BY_ALIGNMENT(.noinit.$SRAMX))
 *(SORT_BY_ALIGNMENT(.noinit.$RAM2.*))
 *(SORT_BY_ALIGNMENT(.noinit.$SRAMX.*))
                0x04000000                . = ALIGN (0x4)
                [!provide]                PROVIDE (__end_noinit_RAM2 = .)
                [!provide]                PROVIDE (__end_noinit_SRAMX = .)

.noinit_RAM3    0x40100000        0x0
                [!provide]                PROVIDE (__start_noinit_RAM3 = .)
                [!provide]                PROVIDE (__start_noinit_USB_RAM = .)
 *(SORT_BY_ALIGNMENT(.noinit.$RAM3))
 *(SORT_BY_ALIGNMENT(.noinit.$USB_RAM))
 *(SORT_BY_ALIGNMENT(.noinit.$RAM3.*))
 *(SORT_BY_ALIGNMENT(.noinit.$USB_RAM.*))
                0x40100000                . = ALIGN (0x4)
                [!provide]                PROVIDE (__end_noinit_RAM3 = .)
                [!provide]                PROVIDE (__end_noinit_USB_RAM = .)

.noinit_RAM4    0x20040000        0x0
                [!provide]                PROVIDE (__start_noinit_RAM4 = .)
                [!provide]                PROVIDE (__start_noinit_SRAM4 = .)
 *(SORT_BY_ALIGNMENT(.noinit.$RAM4))
 *(SORT_BY_ALIGNMENT(.noinit.$SRAM4))
 *(SORT_BY_ALIGNMENT(.noinit.$RAM4.*))
 *(SORT_BY_ALIGNMENT(.noinit.$SRAM4.*))
                0x20040000                . = ALIGN (0x4)
                [!provide]                PROVIDE (__end_noinit_RAM4 = .)
                [!provide]                PROVIDE (__end_noinit_SRAM4 = .)

.noinit         0x20000128        0x0
                0x20000128                _noinit = .
                [!provide]                PROVIDE (__start_noinit_RAM = .)
                [!provide]                PROVIDE (__start_noinit_SRAM = .)
 *(SORT_BY_ALIGNMENT(.noinit*))
                0x20000128                . = ALIGN (0x4)
                0x20000128                _end_noinit = .
                [!provide]                PROVIDE (__end_noinit_RAM = .)
                [!provide]                PROVIDE (__end_noinit_SRAM = .)
                0x00001000                _HeapSize = 0x1000

.heap           0x20000128     0x1000
                0x20000128                _pvHeapStart = .
                0x20001128                . = (. + _HeapSize)
 *fill*         0x20000128     0x1000 
                0x20001128                . = ALIGN (0x4)
                0x20001128                _pvHeapLimit = .
                0x00001000                _StackSize = 0x1000

.heap2stackfill
                0x20001128     0x1000
                0x20002128                . = (. + _StackSize)
 *fill*         0x20001128     0x1000 

.stack          0x2003f000        0x0
                0x2003f000                _vStackBase = .
                0x2003f000                . = ALIGN (0x4)
                0x20040000                _vStackTop = (. + _StackSize)
                [!provide]                PROVIDE (__valid_user_code_checksum = (0x0 - ((((((_vStackTop + (ResetISR + 0x1)) + (NMI_Handler + 0x1)) + (HardFault_Handler + 0x1)) + (DEFINED (MemManage_Handler)?MemManage_Handler:0x0 + 0x1)) + (DEFINED (BusFault_Handler)?BusFault_Handler:0x0 + 0x1)) + (DEFINED (UsageFault_Handler)?UsageFault_Handler:0x0 + 0x1))))
                0x00000000                _image_start = LOADADDR (.text)
                0x000036ac                _image_end = (LOADADDR (.data) + SIZEOF (.data))
                0x000036ac                _image_size = (_image_end - _image_start)
OUTPUT(lpcxpresso55s69_gint.axf elf32-littlearm)
LOAD linker stubs

.debug_info     0x00000000    0x12c0a
 .debug_info    0x00000000       0xaa ./utilities/fsl_assert.o
 .debug_info    0x000000aa      0xcf3 ./utilities/fsl_debug_console.o
 .debug_info    0x00000d9d      0x707 ./startup/startup_lpc55s69_cm33_core0.o
 .debug_info    0x000014a4      0x9ff ./source/gint.o
 .debug_info    0x00001ea3       0x3c ./source/semihost_hardfault.o
 .debug_info    0x00001edf     0x332f ./drivers/fsl_clock.o
 .debug_info    0x0000520e       0xf5 ./drivers/fsl_common_arm.o
 .debug_info    0x00005303     0x1adf ./drivers/fsl_flexcomm.o
 .debug_info    0x00006de2     0x1dac ./drivers/fsl_gint.o
 .debug_info    0x00008b8e     0x2a56 ./drivers/fsl_power.o
 .debug_info    0x0000b5e4      0xee3 ./drivers/fsl_reset.o
 .debug_info    0x0000c4c7     0x1773 ./drivers/fsl_usart.o
 .debug_info    0x0000dc3a     0x14af ./device/system_LPC55S69_cm33_core0.o
 .debug_info    0x0000f0e9      0xc47 ./component/uart/fsl_adapter_usart.o
 .debug_info    0x0000fd30      0x7fe ./board/board.o
 .debug_info    0x0001052e     0x16e1 ./board/clock_config.o
 .debug_info    0x00011c0f      0xffb ./board/pin_mux.o

.debug_abbrev   0x00000000     0x1f1b
 .debug_abbrev  0x00000000       0x66 ./utilities/fsl_assert.o
 .debug_abbrev  0x00000066      0x260 ./utilities/fsl_debug_console.o
 .debug_abbrev  0x000002c6      0x165 ./startup/startup_lpc55s69_cm33_core0.o
 .debug_abbrev  0x0000042b      0x138 ./source/gint.o
 .debug_abbrev  0x00000563       0x31 ./source/semihost_hardfault.o
 .debug_abbrev  0x00000594      0x374 ./drivers/fsl_clock.o
 .debug_abbrev  0x00000908       0x92 ./drivers/fsl_common_arm.o
 .debug_abbrev  0x0000099a      0x2c0 ./drivers/fsl_flexcomm.o
 .debug_abbrev  0x00000c5a      0x292 ./drivers/fsl_gint.o
 .debug_abbrev  0x00000eec      0x335 ./drivers/fsl_power.o
 .debug_abbrev  0x00001221      0x15a ./drivers/fsl_reset.o
 .debug_abbrev  0x0000137b      0x302 ./drivers/fsl_usart.o
 .debug_abbrev  0x0000167d      0x1fa ./device/system_LPC55S69_cm33_core0.o
 .debug_abbrev  0x00001877      0x1e0 ./component/uart/fsl_adapter_usart.o
 .debug_abbrev  0x00001a57       0xd1 ./board/board.o
 .debug_abbrev  0x00001b28      0x1ea ./board/clock_config.o
 .debug_abbrev  0x00001d12      0x209 ./board/pin_mux.o

.debug_aranges  0x00000000      0xa70
 .debug_aranges
                0x00000000       0x20 ./utilities/fsl_assert.o
 .debug_aranges
                0x00000020       0x78 ./utilities/fsl_debug_console.o
 .debug_aranges
                0x00000098      0x268 ./startup/startup_lpc55s69_cm33_core0.o
 .debug_aranges
                0x00000300       0x38 ./source/gint.o
 .debug_aranges
                0x00000338       0x20 ./source/semihost_hardfault.o
 .debug_aranges
                0x00000358      0x228 ./drivers/fsl_clock.o
 .debug_aranges
                0x00000580       0x28 ./drivers/fsl_common_arm.o
 .debug_aranges
                0x000005a8       0x90 ./drivers/fsl_flexcomm.o
 .debug_aranges
                0x00000638       0xb0 ./drivers/fsl_gint.o
 .debug_aranges
                0x000006e8       0xc8 ./drivers/fsl_power.o
 .debug_aranges
                0x000007b0       0x30 ./drivers/fsl_reset.o
 .debug_aranges
                0x000007e0       0xf8 ./drivers/fsl_usart.o
 .debug_aranges
                0x000008d8       0x88 ./device/system_LPC55S69_cm33_core0.o
 .debug_aranges
                0x00000960       0x58 ./component/uart/fsl_adapter_usart.o
 .debug_aranges
                0x000009b8       0x28 ./board/board.o
 .debug_aranges
                0x000009e0       0x50 ./board/clock_config.o
 .debug_aranges
                0x00000a30       0x40 ./board/pin_mux.o

.debug_ranges   0x00000000      0x960
 .debug_ranges  0x00000000       0x10 ./utilities/fsl_assert.o
 .debug_ranges  0x00000010       0x68 ./utilities/fsl_debug_console.o
 .debug_ranges  0x00000078      0x258 ./startup/startup_lpc55s69_cm33_core0.o
 .debug_ranges  0x000002d0       0x28 ./source/gint.o
 .debug_ranges  0x000002f8       0x10 ./source/semihost_hardfault.o
 .debug_ranges  0x00000308      0x218 ./drivers/fsl_clock.o
 .debug_ranges  0x00000520       0x18 ./drivers/fsl_common_arm.o
 .debug_ranges  0x00000538       0x80 ./drivers/fsl_flexcomm.o
 .debug_ranges  0x000005b8       0xa0 ./drivers/fsl_gint.o
 .debug_ranges  0x00000658       0xb8 ./drivers/fsl_power.o
 .debug_ranges  0x00000710       0x20 ./drivers/fsl_reset.o
 .debug_ranges  0x00000730       0xe8 ./drivers/fsl_usart.o
 .debug_ranges  0x00000818       0x78 ./device/system_LPC55S69_cm33_core0.o
 .debug_ranges  0x00000890       0x48 ./component/uart/fsl_adapter_usart.o
 .debug_ranges  0x000008d8       0x18 ./board/board.o
 .debug_ranges  0x000008f0       0x40 ./board/clock_config.o
 .debug_ranges  0x00000930       0x30 ./board/pin_mux.o

.debug_macro    0x00000000    0x16a36
 .debug_macro   0x00000000      0x14d ./utilities/fsl_assert.o
 .debug_macro   0x0000014d      0xab4 ./utilities/fsl_assert.o
 .debug_macro   0x00000c01       0x10 ./utilities/fsl_assert.o
 .debug_macro   0x00000c11       0x1c ./utilities/fsl_assert.o
 .debug_macro   0x00000c2d       0x22 ./utilities/fsl_assert.o
 .debug_macro   0x00000c4f      0x12e ./utilities/fsl_assert.o
 .debug_macro   0x00000d7d      0x5b3 ./utilities/fsl_assert.o
 .debug_macro   0x00001330       0x22 ./utilities/fsl_assert.o
 .debug_macro   0x00001352       0x10 ./utilities/fsl_assert.o
 .debug_macro   0x00001362       0x46 ./utilities/fsl_assert.o
 .debug_macro   0x000013a8       0x1c ./utilities/fsl_assert.o
 .debug_macro   0x000013c4       0x29 ./utilities/fsl_assert.o
 .debug_macro   0x000013ed       0xfb ./utilities/fsl_assert.o
 .debug_macro   0x000014e8     0x1336 ./utilities/fsl_assert.o
 .debug_macro   0x0000281e       0x5e ./utilities/fsl_assert.o
 .debug_macro   0x0000287c       0x2e ./utilities/fsl_assert.o
 .debug_macro   0x000028aa    0x116c8 ./utilities/fsl_assert.o
 .debug_macro   0x00013f72      0x3fd ./utilities/fsl_assert.o
 .debug_macro   0x0001436f       0x7a ./utilities/fsl_assert.o
 .debug_macro   0x000143e9       0xa8 ./utilities/fsl_assert.o
 .debug_macro   0x00014491      0x2ca ./utilities/fsl_assert.o
 .debug_macro   0x0001475b       0x16 ./utilities/fsl_assert.o
 .debug_macro   0x00014771       0xd9 ./utilities/fsl_assert.o
 .debug_macro   0x0001484a       0x1c ./utilities/fsl_assert.o
 .debug_macro   0x00014866       0x1c ./utilities/fsl_assert.o
 .debug_macro   0x00014882       0x2e ./utilities/fsl_assert.o
 .debug_macro   0x000148b0      0x173 ./utilities/fsl_debug_console.o
 .debug_macro   0x00014a23       0x16 ./utilities/fsl_debug_console.o
 .debug_macro   0x00014a39       0x10 ./utilities/fsl_debug_console.o
 .debug_macro   0x00014a49       0x28 ./utilities/fsl_debug_console.o
 .debug_macro   0x00014a71       0xc4 ./utilities/fsl_debug_console.o
 .debug_macro   0x00014b35       0x16 ./utilities/fsl_debug_console.o
 .debug_macro   0x00014b4b       0x46 ./utilities/fsl_debug_console.o
 .debug_macro   0x00014b91       0x29 ./startup/startup_lpc55s69_cm33_core0.o
 .debug_macro   0x00014bba      0x1e4 ./source/gint.o
 .debug_macro   0x00014d9e       0x46 ./source/gint.o
 .debug_macro   0x00014de4       0x35 ./source/gint.o
 .debug_macro   0x00014e19       0x10 ./source/gint.o
 .debug_macro   0x00014e29       0xfe ./source/gint.o
 .debug_macro   0x00014f27      0x1f0 ./source/gint.o
 .debug_macro   0x00015117       0x10 ./source/gint.o
 .debug_macro   0x00015127      0x304 ./source/gint.o
 .debug_macro   0x0001542b       0x11 ./source/semihost_hardfault.o
 .debug_macro   0x0001543c      0x1db ./drivers/fsl_clock.o
 .debug_macro   0x00015617      0x13c ./drivers/fsl_common_arm.o
 .debug_macro   0x00015753      0x145 ./drivers/fsl_flexcomm.o
 .debug_macro   0x00015898       0x10 ./drivers/fsl_flexcomm.o
 .debug_macro   0x000158a8      0x14c ./drivers/fsl_gint.o
 .debug_macro   0x000159f4      0x410 ./drivers/fsl_power.o
 .debug_macro   0x00015e04      0x13c ./drivers/fsl_reset.o
 .debug_macro   0x00015f40      0x154 ./drivers/fsl_usart.o
 .debug_macro   0x00016094       0x1c ./drivers/fsl_usart.o
 .debug_macro   0x000160b0       0xc1 ./device/system_LPC55S69_cm33_core0.o
 .debug_macro   0x00016171      0x151 ./component/uart/fsl_adapter_usart.o
 .debug_macro   0x000162c2       0x22 ./component/uart/fsl_adapter_usart.o
 .debug_macro   0x000162e4      0x181 ./board/board.o
 .debug_macro   0x00016465      0x15c ./board/clock_config.o
 .debug_macro   0x000165c1      0x2fe ./board/clock_config.o
 .debug_macro   0x000168bf       0x2f ./board/clock_config.o
 .debug_macro   0x000168ee      0x148 ./board/pin_mux.o

.debug_line     0x00000000     0x815f
 .debug_line    0x00000000      0x3ec ./utilities/fsl_assert.o
 .debug_line    0x000003ec      0xc9c ./utilities/fsl_debug_console.o
 .debug_line    0x00001088      0x6b1 ./startup/startup_lpc55s69_cm33_core0.o
 .debug_line    0x00001739      0x577 ./source/gint.o
 .debug_line    0x00001cb0       0x59 ./source/semihost_hardfault.o
 .debug_line    0x00001d09     0x1787 ./drivers/fsl_clock.o
 .debug_line    0x00003490      0x3a7 ./drivers/fsl_common_arm.o
 .debug_line    0x00003837      0x649 ./drivers/fsl_flexcomm.o
 .debug_line    0x00003e80      0x68b ./drivers/fsl_gint.o
 .debug_line    0x0000450b      0xeba ./drivers/fsl_power.o
 .debug_line    0x000053c5      0x400 ./drivers/fsl_reset.o
 .debug_line    0x000057c5      0xf05 ./drivers/fsl_usart.o
 .debug_line    0x000066ca      0x6be ./device/system_LPC55S69_cm33_core0.o
 .debug_line    0x00006d88      0x5bb ./component/uart/fsl_adapter_usart.o
 .debug_line    0x00007343      0x495 ./board/board.o
 .debug_line    0x000077d8      0x4e6 ./board/clock_config.o
 .debug_line    0x00007cbe      0x4a1 ./board/pin_mux.o

.debug_str      0x00000000    0xbd82e
 .debug_str     0x00000000    0xb182c ./utilities/fsl_assert.o
                              0xb18b0 (size before relaxing)
 .debug_str     0x000b182c     0x16cd ./utilities/fsl_debug_console.o
                              0xb2fe3 (size before relaxing)
 .debug_str     0x000b2ef9      0x680 ./startup/startup_lpc55s69_cm33_core0.o
                               0x34ce (size before relaxing)
 .debug_str     0x000b3579     0x3d9a ./source/gint.o
                              0xb5696 (size before relaxing)
 .debug_str     0x000b7313       0x1f ./source/semihost_hardfault.o
                               0x2e10 (size before relaxing)
 .debug_str     0x000b7332     0x22e9 ./drivers/fsl_clock.o
                              0xb64dc (size before relaxing)
 .debug_str     0x000b961b       0x82 ./drivers/fsl_common_arm.o
                              0xb1775 (size before relaxing)
 .debug_str     0x000b969d      0xcfe ./drivers/fsl_flexcomm.o
                              0xb3b8a (size before relaxing)
 .debug_str     0x000ba39b      0x233 ./drivers/fsl_gint.o
                              0xb3bac (size before relaxing)
 .debug_str     0x000ba5ce     0x2150 ./drivers/fsl_power.o
                              0xb6a5a (size before relaxing)
 .debug_str     0x000bc71e       0xae ./drivers/fsl_reset.o
                              0xb2507 (size before relaxing)
 .debug_str     0x000bc7cc      0xc7e ./drivers/fsl_usart.o
                              0xb3441 (size before relaxing)
 .debug_str     0x000bd44a      0x12f ./device/system_LPC55S69_cm33_core0.o
                              0xaf8df (size before relaxing)
 .debug_str     0x000bd579      0x10a ./component/uart/fsl_adapter_usart.o
                              0xb2c81 (size before relaxing)
 .debug_str     0x000bd683       0x54 ./board/board.o
                              0xb41d9 (size before relaxing)
 .debug_str     0x000bd6d7       0xac ./board/clock_config.o
                              0xb44f4 (size before relaxing)
 .debug_str     0x000bd783       0xab ./board/pin_mux.o
                              0xb2b1c (size before relaxing)

.comment        0x00000000       0x49
 .comment       0x00000000       0x49 ./utilities/fsl_assert.o
                                 0x4a (size before relaxing)
 .comment       0x00000049       0x4a ./utilities/fsl_debug_console.o
 .comment       0x00000049       0x4a ./startup/startup_lpc55s69_cm33_core0.o
 .comment       0x00000049       0x4a ./source/gint.o
 .comment       0x00000049       0x4a ./source/semihost_hardfault.o
 .comment       0x00000049       0x4a ./drivers/fsl_clock.o
 .comment       0x00000049       0x4a ./drivers/fsl_common_arm.o
 .comment       0x00000049       0x4a ./drivers/fsl_flexcomm.o
 .comment       0x00000049       0x4a ./drivers/fsl_gint.o
 .comment       0x00000049       0x4a ./drivers/fsl_power.o
 .comment       0x00000049       0x4a ./drivers/fsl_reset.o
 .comment       0x00000049       0x4a ./drivers/fsl_usart.o
 .comment       0x00000049       0x4a ./device/system_LPC55S69_cm33_core0.o
 .comment       0x00000049       0x4a ./component/uart/fsl_adapter_usart.o
 .comment       0x00000049       0x4a ./board/board.o
 .comment       0x00000049       0x4a ./board/clock_config.o
 .comment       0x00000049       0x4a ./board/pin_mux.o
 .comment       0x00000049       0x4a c:/nxp/mcuxpressoide_11.5.0_7232/ide/plugins/com.nxp.mcuxpresso.tools.win32_11.5.0.202107051138/tools/bin/../lib/gcc/arm-none-eabi/10.3.1/../../../../arm-none-eabi/lib/thumb/v8-m.main+fp/hard\libcr_nohost_nf.a(_cr__main.o)
 .comment       0x00000049       0x4a c:/nxp/mcuxpressoide_11.5.0_7232/ide/plugins/com.nxp.mcuxpresso.tools.win32_11.5.0.202107051138/tools/bin/../lib/gcc/arm-none-eabi/10.3.1/../../../../arm-none-eabi/lib/thumb/v8-m.main+fp/hard\libcr_c.a(memcpy.o)
 .comment       0x00000049       0x4a c:/nxp/mcuxpressoide_11.5.0_7232/ide/plugins/com.nxp.mcuxpresso.tools.win32_11.5.0.202107051138/tools/bin/../lib/gcc/arm-none-eabi/10.3.1/../../../../arm-none-eabi/lib/thumb/v8-m.main+fp/hard\libcr_c.a(memset.o)
 .comment       0x00000049       0x4a c:/nxp/mcuxpressoide_11.5.0_7232/ide/plugins/com.nxp.mcuxpresso.tools.win32_11.5.0.202107051138/tools/bin/../lib/gcc/arm-none-eabi/10.3.1/../../../../arm-none-eabi/lib/thumb/v8-m.main+fp/hard\libcr_c.a(alloc.o)
 .comment       0x00000049       0x4a c:/nxp/mcuxpressoide_11.5.0_7232/ide/plugins/com.nxp.mcuxpresso.tools.win32_11.5.0.202107051138/tools/bin/../lib/gcc/arm-none-eabi/10.3.1/../../../../arm-none-eabi/lib/thumb/v8-m.main+fp/hard\libcr_c.a(initio.o)
 .comment       0x00000049       0x4a c:/nxp/mcuxpressoide_11.5.0_7232/ide/plugins/com.nxp.mcuxpresso.tools.win32_11.5.0.202107051138/tools/bin/../lib/gcc/arm-none-eabi/10.3.1/../../../../arm-none-eabi/lib/thumb/v8-m.main+fp/hard\libcr_c.a(setvbuf.o)
 .comment       0x00000049       0x4a c:/nxp/mcuxpressoide_11.5.0_7232/ide/plugins/com.nxp.mcuxpresso.tools.win32_11.5.0.202107051138/tools/bin/../lib/gcc/arm-none-eabi/10.3.1/../../../../arm-none-eabi/lib/thumb/v8-m.main+fp/hard\libcr_c.a(strlen.o)
 .comment       0x00000049       0x4a c:/nxp/mcuxpressoide_11.5.0_7232/ide/plugins/com.nxp.mcuxpresso.tools.win32_11.5.0.202107051138/tools/bin/../lib/gcc/arm-none-eabi/10.3.1/../../../../arm-none-eabi/lib/thumb/v8-m.main+fp/hard\libcr_c.a(_fdopen.o)
 .comment       0x00000049       0x4a c:/nxp/mcuxpressoide_11.5.0_7232/ide/plugins/com.nxp.mcuxpresso.tools.win32_11.5.0.202107051138/tools/bin/../lib/gcc/arm-none-eabi/10.3.1/../../../../arm-none-eabi/lib/thumb/v8-m.main+fp/hard\libcr_c.a(errno.o)
 .comment       0x00000049       0x4a c:/nxp/mcuxpressoide_11.5.0_7232/ide/plugins/com.nxp.mcuxpresso.tools.win32_11.5.0.202107051138/tools/bin/../lib/gcc/arm-none-eabi/10.3.1/../../../../arm-none-eabi/lib/thumb/v8-m.main+fp/hard\libcr_c.a(fclose.o)
 .comment       0x00000049       0x4a c:/nxp/mcuxpressoide_11.5.0_7232/ide/plugins/com.nxp.mcuxpresso.tools.win32_11.5.0.202107051138/tools/bin/../lib/gcc/arm-none-eabi/10.3.1/../../../../arm-none-eabi/lib/thumb/v8-m.main+fp/hard\libcr_c.a(fflush.o)
 .comment       0x00000049       0x4a c:/nxp/mcuxpressoide_11.5.0_7232/ide/plugins/com.nxp.mcuxpresso.tools.win32_11.5.0.202107051138/tools/bin/../lib/gcc/arm-none-eabi/10.3.1/../../../../arm-none-eabi/lib/thumb/v8-m.main+fp/hard\libcr_c.a(fseek.o)
 .comment       0x00000049       0x4a c:/nxp/mcuxpressoide_11.5.0_7232/ide/plugins/com.nxp.mcuxpresso.tools.win32_11.5.0.202107051138/tools/bin/../lib/gcc/arm-none-eabi/10.3.1/../../../../arm-none-eabi/lib/thumb/v8-m.main+fp/hard\libcr_c.a(ftell.o)
 .comment       0x00000049       0x4a c:/nxp/mcuxpressoide_11.5.0_7232/ide/plugins/com.nxp.mcuxpresso.tools.win32_11.5.0.202107051138/tools/bin/../lib/gcc/arm-none-eabi/10.3.1/../../../../arm-none-eabi/lib/thumb/v8-m.main+fp/hard\libcr_c.a(remove.o)
 .comment       0x00000049       0x4a c:/nxp/mcuxpressoide_11.5.0_7232/ide/plugins/com.nxp.mcuxpresso.tools.win32_11.5.0.202107051138/tools/bin/../lib/gcc/arm-none-eabi/10.3.1/../../../../arm-none-eabi/lib/thumb/v8-m.main+fp/hard\libcr_c.a(_do_fflush.o)
 .comment       0x00000049       0x4a c:/nxp/mcuxpressoide_11.5.0_7232/ide/plugins/com.nxp.mcuxpresso.tools.win32_11.5.0.202107051138/tools/bin/../lib/gcc/arm-none-eabi/10.3.1/../../../../arm-none-eabi/lib/thumb/v8-m.main+fp/hard\libcr_c.a(_fflush.o)
 .comment       0x00000049       0x4a c:/nxp/mcuxpressoide_11.5.0_7232/ide/plugins/com.nxp.mcuxpresso.tools.win32_11.5.0.202107051138/tools/bin/../lib/gcc/arm-none-eabi/10.3.1/../../../../arm-none-eabi/lib/thumb/v8-m.main+fp/hard\libcr_c.a(_writebuf.o)
 .comment       0x00000049       0x4a c:/nxp/mcuxpressoide_11.5.0_7232/ide/plugins/com.nxp.mcuxpresso.tools.win32_11.5.0.202107051138/tools/bin/../lib/gcc/arm-none-eabi/10.3.1/../../../../arm-none-eabi/lib/thumb/v8-m.main+fp/hard\libcr_c.a(_deferredlazyseek.o)
 .comment       0x00000049       0x4a c:/nxp/mcuxpressoide_11.5.0_7232/ide/plugins/com.nxp.mcuxpresso.tools.win32_11.5.0.202107051138/tools/bin/../lib/gcc/arm-none-eabi/10.3.1/../../../../arm-none-eabi/lib/thumb/v8-m.main+fp/hard\libcr_nohost_nf.a(__ciob.o)
 .comment       0x00000049       0x4a c:/nxp/mcuxpressoide_11.5.0_7232/ide/plugins/com.nxp.mcuxpresso.tools.win32_11.5.0.202107051138/tools/bin/../lib/gcc/arm-none-eabi/10.3.1/../../../../arm-none-eabi/lib/thumb/v8-m.main+fp/hard\libcr_nohost_nf.a(__sys_close.o)
 .comment       0x00000049       0x4a c:/nxp/mcuxpressoide_11.5.0_7232/ide/plugins/com.nxp.mcuxpresso.tools.win32_11.5.0.202107051138/tools/bin/../lib/gcc/arm-none-eabi/10.3.1/../../../../arm-none-eabi/lib/thumb/v8-m.main+fp/hard\libcr_nohost_nf.a(__sys_flen.o)
 .comment       0x00000049       0x4a c:/nxp/mcuxpressoide_11.5.0_7232/ide/plugins/com.nxp.mcuxpresso.tools.win32_11.5.0.202107051138/tools/bin/../lib/gcc/arm-none-eabi/10.3.1/../../../../arm-none-eabi/lib/thumb/v8-m.main+fp/hard\libcr_nohost_nf.a(__sys_istty.o)
 .comment       0x00000049       0x4a c:/nxp/mcuxpressoide_11.5.0_7232/ide/plugins/com.nxp.mcuxpresso.tools.win32_11.5.0.202107051138/tools/bin/../lib/gcc/arm-none-eabi/10.3.1/../../../../arm-none-eabi/lib/thumb/v8-m.main+fp/hard\libcr_nohost_nf.a(__sys_remove.o)
 .comment       0x00000049       0x4a c:/nxp/mcuxpressoide_11.5.0_7232/ide/plugins/com.nxp.mcuxpresso.tools.win32_11.5.0.202107051138/tools/bin/../lib/gcc/arm-none-eabi/10.3.1/../../../../arm-none-eabi/lib/thumb/v8-m.main+fp/hard\libcr_nohost_nf.a(__sys_seek.o)
 .comment       0x00000049       0x4a c:/nxp/mcuxpressoide_11.5.0_7232/ide/plugins/com.nxp.mcuxpresso.tools.win32_11.5.0.202107051138/tools/bin/../lib/gcc/arm-none-eabi/10.3.1/../../../../arm-none-eabi/lib/thumb/v8-m.main+fp/hard\libcr_nohost_nf.a(__sys_tmpnam.o)
 .comment       0x00000049       0x4a c:/nxp/mcuxpressoide_11.5.0_7232/ide/plugins/com.nxp.mcuxpresso.tools.win32_11.5.0.202107051138/tools/bin/../lib/gcc/arm-none-eabi/10.3.1/../../../../arm-none-eabi/lib/thumb/v8-m.main+fp/hard\libcr_nohost_nf.a(__sys_write.o)

.ARM.attributes
                0x00000000       0x38
 .ARM.attributes
                0x00000000       0x3a ./utilities/fsl_assert.o
 .ARM.attributes
                0x0000003a       0x3a ./utilities/fsl_debug_console.o
 .ARM.attributes
                0x00000074       0x3a ./startup/startup_lpc55s69_cm33_core0.o
 .ARM.attributes
                0x000000ae       0x3a ./source/gint.o
 .ARM.attributes
                0x000000e8       0x3a ./source/semihost_hardfault.o
 .ARM.attributes
                0x00000122       0x3a ./drivers/fsl_clock.o
 .ARM.attributes
                0x0000015c       0x3a ./drivers/fsl_common_arm.o
 .ARM.attributes
                0x00000196       0x3a ./drivers/fsl_flexcomm.o
 .ARM.attributes
                0x000001d0       0x3a ./drivers/fsl_gint.o
 .ARM.attributes
                0x0000020a       0x3a ./drivers/fsl_power.o
 .ARM.attributes
                0x00000244       0x3a ./drivers/fsl_reset.o
 .ARM.attributes
                0x0000027e       0x3a ./drivers/fsl_usart.o
 .ARM.attributes
                0x000002b8       0x3a ./device/system_LPC55S69_cm33_core0.o
 .ARM.attributes
                0x000002f2       0x3a ./component/uart/fsl_adapter_usart.o
 .ARM.attributes
                0x0000032c       0x3a ./board/board.o
 .ARM.attributes
                0x00000366       0x3a ./board/clock_config.o
 .ARM.attributes
                0x000003a0       0x3a ./board/pin_mux.o
 .ARM.attributes
                0x000003da       0x3a c:/nxp/mcuxpressoide_11.5.0_7232/ide/plugins/com.nxp.mcuxpresso.tools.win32_11.5.0.202107051138/tools/bin/../lib/gcc/arm-none-eabi/10.3.1/../../../../arm-none-eabi/lib/thumb/v8-m.main+fp/hard\libcr_nohost_nf.a(_cr__main.o)
 .ARM.attributes
                0x00000414       0x3a c:/nxp/mcuxpressoide_11.5.0_7232/ide/plugins/com.nxp.mcuxpresso.tools.win32_11.5.0.202107051138/tools/bin/../lib/gcc/arm-none-eabi/10.3.1/../../../../arm-none-eabi/lib/thumb/v8-m.main+fp/hard\libcr_c.a(memcpy.o)
 .ARM.attributes
                0x0000044e       0x3a c:/nxp/mcuxpressoide_11.5.0_7232/ide/plugins/com.nxp.mcuxpresso.tools.win32_11.5.0.202107051138/tools/bin/../lib/gcc/arm-none-eabi/10.3.1/../../../../arm-none-eabi/lib/thumb/v8-m.main+fp/hard\libcr_c.a(memset.o)
 .ARM.attributes
                0x00000488       0x3a c:/nxp/mcuxpressoide_11.5.0_7232/ide/plugins/com.nxp.mcuxpresso.tools.win32_11.5.0.202107051138/tools/bin/../lib/gcc/arm-none-eabi/10.3.1/../../../../arm-none-eabi/lib/thumb/v8-m.main+fp/hard\libcr_c.a(alloc.o)
 .ARM.attributes
                0x000004c2       0x3a c:/nxp/mcuxpressoide_11.5.0_7232/ide/plugins/com.nxp.mcuxpresso.tools.win32_11.5.0.202107051138/tools/bin/../lib/gcc/arm-none-eabi/10.3.1/../../../../arm-none-eabi/lib/thumb/v8-m.main+fp/hard\libcr_c.a(initio.o)
 .ARM.attributes
                0x000004fc       0x3a c:/nxp/mcuxpressoide_11.5.0_7232/ide/plugins/com.nxp.mcuxpresso.tools.win32_11.5.0.202107051138/tools/bin/../lib/gcc/arm-none-eabi/10.3.1/../../../../arm-none-eabi/lib/thumb/v8-m.main+fp/hard\libcr_c.a(setvbuf.o)
 .ARM.attributes
                0x00000536       0x3a c:/nxp/mcuxpressoide_11.5.0_7232/ide/plugins/com.nxp.mcuxpresso.tools.win32_11.5.0.202107051138/tools/bin/../lib/gcc/arm-none-eabi/10.3.1/../../../../arm-none-eabi/lib/thumb/v8-m.main+fp/hard\libcr_c.a(strlen.o)
 .ARM.attributes
                0x00000570       0x3a c:/nxp/mcuxpressoide_11.5.0_7232/ide/plugins/com.nxp.mcuxpresso.tools.win32_11.5.0.202107051138/tools/bin/../lib/gcc/arm-none-eabi/10.3.1/../../../../arm-none-eabi/lib/thumb/v8-m.main+fp/hard\libcr_c.a(_fdopen.o)
 .ARM.attributes
                0x000005aa       0x3c c:/nxp/mcuxpressoide_11.5.0_7232/ide/plugins/com.nxp.mcuxpresso.tools.win32_11.5.0.202107051138/tools/bin/../lib/gcc/arm-none-eabi/10.3.1/../../../../arm-none-eabi/lib/thumb/v8-m.main+fp/hard\libcr_c.a(errno.o)
 .ARM.attributes
                0x000005e6       0x3a c:/nxp/mcuxpressoide_11.5.0_7232/ide/plugins/com.nxp.mcuxpresso.tools.win32_11.5.0.202107051138/tools/bin/../lib/gcc/arm-none-eabi/10.3.1/../../../../arm-none-eabi/lib/thumb/v8-m.main+fp/hard\libcr_c.a(fclose.o)
 .ARM.attributes
                0x00000620       0x3a c:/nxp/mcuxpressoide_11.5.0_7232/ide/plugins/com.nxp.mcuxpresso.tools.win32_11.5.0.202107051138/tools/bin/../lib/gcc/arm-none-eabi/10.3.1/../../../../arm-none-eabi/lib/thumb/v8-m.main+fp/hard\libcr_c.a(fflush.o)
 .ARM.attributes
                0x0000065a       0x3a c:/nxp/mcuxpressoide_11.5.0_7232/ide/plugins/com.nxp.mcuxpresso.tools.win32_11.5.0.202107051138/tools/bin/../lib/gcc/arm-none-eabi/10.3.1/../../../../arm-none-eabi/lib/thumb/v8-m.main+fp/hard\libcr_c.a(fseek.o)
 .ARM.attributes
                0x00000694       0x3a c:/nxp/mcuxpressoide_11.5.0_7232/ide/plugins/com.nxp.mcuxpresso.tools.win32_11.5.0.202107051138/tools/bin/../lib/gcc/arm-none-eabi/10.3.1/../../../../arm-none-eabi/lib/thumb/v8-m.main+fp/hard\libcr_c.a(ftell.o)
 .ARM.attributes
                0x000006ce       0x3a c:/nxp/mcuxpressoide_11.5.0_7232/ide/plugins/com.nxp.mcuxpresso.tools.win32_11.5.0.202107051138/tools/bin/../lib/gcc/arm-none-eabi/10.3.1/../../../../arm-none-eabi/lib/thumb/v8-m.main+fp/hard\libcr_c.a(remove.o)
 .ARM.attributes
                0x00000708       0x3a c:/nxp/mcuxpressoide_11.5.0_7232/ide/plugins/com.nxp.mcuxpresso.tools.win32_11.5.0.202107051138/tools/bin/../lib/gcc/arm-none-eabi/10.3.1/../../../../arm-none-eabi/lib/thumb/v8-m.main+fp/hard\libcr_c.a(_do_fflush.o)
 .ARM.attributes
                0x00000742       0x3a c:/nxp/mcuxpressoide_11.5.0_7232/ide/plugins/com.nxp.mcuxpresso.tools.win32_11.5.0.202107051138/tools/bin/../lib/gcc/arm-none-eabi/10.3.1/../../../../arm-none-eabi/lib/thumb/v8-m.main+fp/hard\libcr_c.a(_fflush.o)
 .ARM.attributes
                0x0000077c       0x3a c:/nxp/mcuxpressoide_11.5.0_7232/ide/plugins/com.nxp.mcuxpresso.tools.win32_11.5.0.202107051138/tools/bin/../lib/gcc/arm-none-eabi/10.3.1/../../../../arm-none-eabi/lib/thumb/v8-m.main+fp/hard\libcr_c.a(_writebuf.o)
 .ARM.attributes
                0x000007b6       0x3a c:/nxp/mcuxpressoide_11.5.0_7232/ide/plugins/com.nxp.mcuxpresso.tools.win32_11.5.0.202107051138/tools/bin/../lib/gcc/arm-none-eabi/10.3.1/../../../../arm-none-eabi/lib/thumb/v8-m.main+fp/hard\libcr_c.a(_deferredlazyseek.o)
 .ARM.attributes
                0x000007f0       0x26 c:/nxp/mcuxpressoide_11.5.0_7232/ide/plugins/com.nxp.mcuxpresso.tools.win32_11.5.0.202107051138/tools/bin/../lib/gcc/arm-none-eabi/10.3.1/thumb/v8-m.main+fp/hard\libcr_eabihelpers.a(division_64.o)
 .ARM.attributes
                0x00000816       0x26 c:/nxp/mcuxpressoide_11.5.0_7232/ide/plugins/com.nxp.mcuxpresso.tools.win32_11.5.0.202107051138/tools/bin/../lib/gcc/arm-none-eabi/10.3.1/thumb/v8-m.main+fp/hard\libcr_eabihelpers.a(division_idiv0.o)
 .ARM.attributes
                0x0000083c       0x26 c:/nxp/mcuxpressoide_11.5.0_7232/ide/plugins/com.nxp.mcuxpresso.tools.win32_11.5.0.202107051138/tools/bin/../lib/gcc/arm-none-eabi/10.3.1/thumb/v8-m.main+fp/hard\libcr_eabihelpers.a(memcpy.o)
 .ARM.attributes
                0x00000862       0x3c c:/nxp/mcuxpressoide_11.5.0_7232/ide/plugins/com.nxp.mcuxpresso.tools.win32_11.5.0.202107051138/tools/bin/../lib/gcc/arm-none-eabi/10.3.1/../../../../arm-none-eabi/lib/thumb/v8-m.main+fp/hard\libcr_nohost_nf.a(__ciob.o)
 .ARM.attributes
                0x0000089e       0x3a c:/nxp/mcuxpressoide_11.5.0_7232/ide/plugins/com.nxp.mcuxpresso.tools.win32_11.5.0.202107051138/tools/bin/../lib/gcc/arm-none-eabi/10.3.1/../../../../arm-none-eabi/lib/thumb/v8-m.main+fp/hard\libcr_nohost_nf.a(__sys_close.o)
 .ARM.attributes
                0x000008d8       0x3a c:/nxp/mcuxpressoide_11.5.0_7232/ide/plugins/com.nxp.mcuxpresso.tools.win32_11.5.0.202107051138/tools/bin/../lib/gcc/arm-none-eabi/10.3.1/../../../../arm-none-eabi/lib/thumb/v8-m.main+fp/hard\libcr_nohost_nf.a(__sys_flen.o)
 .ARM.attributes
                0x00000912       0x3a c:/nxp/mcuxpressoide_11.5.0_7232/ide/plugins/com.nxp.mcuxpresso.tools.win32_11.5.0.202107051138/tools/bin/../lib/gcc/arm-none-eabi/10.3.1/../../../../arm-none-eabi/lib/thumb/v8-m.main+fp/hard\libcr_nohost_nf.a(__sys_istty.o)
 .ARM.attributes
                0x0000094c       0x3a c:/nxp/mcuxpressoide_11.5.0_7232/ide/plugins/com.nxp.mcuxpresso.tools.win32_11.5.0.202107051138/tools/bin/../lib/gcc/arm-none-eabi/10.3.1/../../../../arm-none-eabi/lib/thumb/v8-m.main+fp/hard\libcr_nohost_nf.a(__sys_remove.o)
 .ARM.attributes
                0x00000986       0x3a c:/nxp/mcuxpressoide_11.5.0_7232/ide/plugins/com.nxp.mcuxpresso.tools.win32_11.5.0.202107051138/tools/bin/../lib/gcc/arm-none-eabi/10.3.1/../../../../arm-none-eabi/lib/thumb/v8-m.main+fp/hard\libcr_nohost_nf.a(__sys_seek.o)
 .ARM.attributes
                0x000009c0       0x3a c:/nxp/mcuxpressoide_11.5.0_7232/ide/plugins/com.nxp.mcuxpresso.tools.win32_11.5.0.202107051138/tools/bin/../lib/gcc/arm-none-eabi/10.3.1/../../../../arm-none-eabi/lib/thumb/v8-m.main+fp/hard\libcr_nohost_nf.a(__sys_tmpnam.o)
 .ARM.attributes
                0x000009fa       0x3a c:/nxp/mcuxpressoide_11.5.0_7232/ide/plugins/com.nxp.mcuxpresso.tools.win32_11.5.0.202107051138/tools/bin/../lib/gcc/arm-none-eabi/10.3.1/../../../../arm-none-eabi/lib/thumb/v8-m.main+fp/hard\libcr_nohost_nf.a(__sys_write.o)

.debug_frame    0x00000000     0x25f4
 .debug_frame   0x00000000       0x30 ./utilities/fsl_assert.o
 .debug_frame   0x00000030      0x1f8 ./utilities/fsl_debug_console.o
 .debug_frame   0x00000228      0x69c ./startup/startup_lpc55s69_cm33_core0.o
 .debug_frame   0x000008c4       0x8c ./source/gint.o
 .debug_frame   0x00000950       0x20 ./source/semihost_hardfault.o
 .debug_frame   0x00000970      0x9ac ./drivers/fsl_clock.o
 .debug_frame   0x0000131c       0x64 ./drivers/fsl_common_arm.o
 .debug_frame   0x00001380      0x234 ./drivers/fsl_flexcomm.o
 .debug_frame   0x000015b4      0x2cc ./drivers/fsl_gint.o
 .debug_frame   0x00001880      0x380 ./drivers/fsl_power.o
 .debug_frame   0x00001c00       0x7c ./drivers/fsl_reset.o
 .debug_frame   0x00001c7c      0x41c ./drivers/fsl_usart.o
 .debug_frame   0x00002098      0x210 ./device/system_LPC55S69_cm33_core0.o
 .debug_frame   0x000022a8      0x134 ./component/uart/fsl_adapter_usart.o
 .debug_frame   0x000023dc       0x58 ./board/board.o
 .debug_frame   0x00002434       0xf8 ./board/clock_config.o
 .debug_frame   0x0000252c       0xc8 ./board/pin_mux.o

Cross Reference Table

Symbol                                            File
ACMP_DriverIRQHandler                             ./startup/startup_lpc55s69_cm33_core0.o
ACMP_IRQHandler                                   ./startup/startup_lpc55s69_cm33_core0.o
ADC0_DriverIRQHandler                             ./startup/startup_lpc55s69_cm33_core0.o
ADC0_IRQHandler                                   ./startup/startup_lpc55s69_cm33_core0.o
BOARD_BootClockFRO12M                             ./board/clock_config.o
BOARD_BootClockFROHF96M                           ./board/clock_config.o
BOARD_BootClockPLL100M                            ./board/clock_config.o
BOARD_BootClockPLL150M                            ./board/clock_config.o
BOARD_BootClockPLL1_150M                          ./board/clock_config.o
BOARD_InitBootClocks                              ./board/clock_config.o
                                                  ./source/gint.o
BOARD_InitBootPins                                ./board/pin_mux.o
                                                  ./source/gint.o
BOARD_InitDebugConsole                            ./board/board.o
                                                  ./source/gint.o
BOARD_InitDebugConsole_Core1                      ./board/board.o
BOARD_InitPins                                    ./board/pin_mux.o
BusFault_Handler                                  ./startup/startup_lpc55s69_cm33_core0.o
CASER_DriverIRQHandler                            ./startup/startup_lpc55s69_cm33_core0.o
CASER_IRQHandler                                  ./startup/startup_lpc55s69_cm33_core0.o
CLOCK_AttachClk                                   ./drivers/fsl_clock.o
                                                  ./board/clock_config.o
                                                  ./board/board.o
                                                  ./drivers/fsl_power.o
                                                  ./source/gint.o
CLOCK_EnableOstimer32kClock                       ./drivers/fsl_clock.o
CLOCK_EnableUsbfs0DeviceClock                     ./drivers/fsl_clock.o
CLOCK_EnableUsbfs0HostClock                       ./drivers/fsl_clock.o
CLOCK_EnableUsbhs0DeviceClock                     ./drivers/fsl_clock.o
CLOCK_EnableUsbhs0HostClock                       ./drivers/fsl_clock.o
CLOCK_EnableUsbhs0PhyPllClock                     ./drivers/fsl_clock.o
CLOCK_GetAdcClkFreq                               ./drivers/fsl_clock.o
CLOCK_GetCTimerClkFreq                            ./drivers/fsl_clock.o
CLOCK_GetClockAttachId                            ./drivers/fsl_clock.o
CLOCK_GetClockOutClkFreq                          ./drivers/fsl_clock.o
CLOCK_GetCoreSysClkFreq                           ./drivers/fsl_clock.o
CLOCK_GetExtClkFreq                               ./drivers/fsl_clock.o
CLOCK_GetFlexCommClkFreq                          ./drivers/fsl_clock.o
CLOCK_GetFlexCommInputClock                       ./drivers/fsl_clock.o
CLOCK_GetFreq                                     ./drivers/fsl_clock.o
CLOCK_GetFro12MFreq                               ./drivers/fsl_clock.o
CLOCK_GetFro1MFreq                                ./drivers/fsl_clock.o
CLOCK_GetFroHfFreq                                ./drivers/fsl_clock.o
CLOCK_GetHsLspiClkFreq                            ./drivers/fsl_clock.o
CLOCK_GetI2SMClkFreq                              ./drivers/fsl_clock.o
CLOCK_GetMclkClkFreq                              ./drivers/fsl_clock.o
CLOCK_GetOsc32KFreq                               ./drivers/fsl_clock.o
CLOCK_GetPLL0InClockRate                          ./drivers/fsl_clock.o
CLOCK_GetPLL0OutClockRate                         ./drivers/fsl_clock.o
CLOCK_GetPLL0OutFromSetup                         ./drivers/fsl_clock.o
CLOCK_GetPLL1InClockRate                          ./drivers/fsl_clock.o
CLOCK_GetPLUClkInFreq                             ./drivers/fsl_clock.o
CLOCK_GetPll0OutFreq                              ./drivers/fsl_clock.o
CLOCK_GetPll1OutFreq                              ./drivers/fsl_clock.o
CLOCK_GetSctClkFreq                               ./drivers/fsl_clock.o
CLOCK_GetSdioClkFreq                              ./drivers/fsl_clock.o
CLOCK_GetSystickClkFreq                           ./drivers/fsl_clock.o
CLOCK_GetUsb0ClkFreq                              ./drivers/fsl_clock.o
CLOCK_GetUsb1ClkFreq                              ./drivers/fsl_clock.o
CLOCK_GetWdtClkFreq                               ./drivers/fsl_clock.o
CLOCK_SetClkDiv                                   ./drivers/fsl_clock.o
                                                  ./board/clock_config.o
                                                  ./drivers/fsl_power.o
CLOCK_SetFLASHAccessCyclesForFreq                 ./drivers/fsl_clock.o
                                                  ./board/clock_config.o
CLOCK_SetFlexCommClock                            ./drivers/fsl_clock.o
CLOCK_SetPLL0Freq                                 ./drivers/fsl_clock.o
                                                  ./board/clock_config.o
CLOCK_SetPLL1Freq                                 ./drivers/fsl_clock.o
                                                  ./board/clock_config.o
CLOCK_SetRtc1hzClkDiv                             ./drivers/fsl_clock.o
CLOCK_SetRtc1khzClkDiv                            ./drivers/fsl_clock.o
CLOCK_SetStoredPLL0ClockRate                      ./drivers/fsl_clock.o
CLOCK_SetupExtClocking                            ./drivers/fsl_clock.o
                                                  ./board/clock_config.o
CLOCK_SetupFROClocking                            ./drivers/fsl_clock.o
                                                  ./board/clock_config.o
CLOCK_SetupI2SMClkClocking                        ./drivers/fsl_clock.o
CLOCK_SetupPLL0Data                               ./drivers/fsl_clock.o
CLOCK_SetupPLL0Mult                               ./drivers/fsl_clock.o
CLOCK_SetupPLL0Prec                               ./drivers/fsl_clock.o
CLOCK_SetupPLUClkInClocking                       ./drivers/fsl_clock.o
CTIMER0_DriverIRQHandler                          ./startup/startup_lpc55s69_cm33_core0.o
CTIMER0_IRQHandler                                ./startup/startup_lpc55s69_cm33_core0.o
CTIMER1_DriverIRQHandler                          ./startup/startup_lpc55s69_cm33_core0.o
CTIMER1_IRQHandler                                ./startup/startup_lpc55s69_cm33_core0.o
CTIMER2_DriverIRQHandler                          ./startup/startup_lpc55s69_cm33_core0.o
CTIMER2_IRQHandler                                ./startup/startup_lpc55s69_cm33_core0.o
CTIMER3_DriverIRQHandler                          ./startup/startup_lpc55s69_cm33_core0.o
CTIMER3_IRQHandler                                ./startup/startup_lpc55s69_cm33_core0.o
CTIMER4_DriverIRQHandler                          ./startup/startup_lpc55s69_cm33_core0.o
CTIMER4_IRQHandler                                ./startup/startup_lpc55s69_cm33_core0.o
DMA0_DriverIRQHandler                             ./startup/startup_lpc55s69_cm33_core0.o
DMA0_IRQHandler                                   ./startup/startup_lpc55s69_cm33_core0.o
DMA1_DriverIRQHandler                             ./startup/startup_lpc55s69_cm33_core0.o
DMA1_IRQHandler                                   ./startup/startup_lpc55s69_cm33_core0.o
DbgConsole_Deinit                                 ./utilities/fsl_debug_console.o
DbgConsole_Getchar                                ./utilities/fsl_debug_console.o
DbgConsole_Init                                   ./utilities/fsl_debug_console.o
                                                  ./board/board.o
DbgConsole_Printf                                 ./utilities/fsl_debug_console.o
                                                  ./source/gint.o
                                                  ./utilities/fsl_assert.o
DbgConsole_Putchar                                ./utilities/fsl_debug_console.o
DbgConsole_Scanf                                  ./utilities/fsl_debug_console.o
DbgConsole_Vprintf                                ./utilities/fsl_debug_console.o
DebugMon_Handler                                  ./startup/startup_lpc55s69_cm33_core0.o
FLEXCOMM0_DriverIRQHandler                        ./drivers/fsl_flexcomm.o
                                                  ./startup/startup_lpc55s69_cm33_core0.o
FLEXCOMM0_IRQHandler                              ./startup/startup_lpc55s69_cm33_core0.o
FLEXCOMM1_DriverIRQHandler                        ./drivers/fsl_flexcomm.o
                                                  ./startup/startup_lpc55s69_cm33_core0.o
FLEXCOMM1_IRQHandler                              ./startup/startup_lpc55s69_cm33_core0.o